Component: ARM Compiler 5.06 update 6 (build 750) Tool: armlink [4d35ed]

==============================================================================

Section Cross References

    startup_stm32f103xe.o(RESET) refers to startup_stm32f103xe.o(STACK) for __initial_sp
    startup_stm32f103xe.o(RESET) refers to startup_stm32f103xe.o(.text) for Reset_Handler
    startup_stm32f103xe.o(RESET) refers to stm32f1xx_it.o(i.NMI_Handler) for NMI_Handler
    startup_stm32f103xe.o(RESET) refers to stm32f1xx_it.o(i.HardFault_Handler) for HardFault_Handler
    startup_stm32f103xe.o(RESET) refers to stm32f1xx_it.o(i.MemManage_Handler) for MemManage_Handler
    startup_stm32f103xe.o(RESET) refers to stm32f1xx_it.o(i.BusFault_Handler) for BusFault_Handler
    startup_stm32f103xe.o(RESET) refers to stm32f1xx_it.o(i.UsageFault_Handler) for UsageFault_Handler
    startup_stm32f103xe.o(RESET) refers to stm32f1xx_it.o(i.SVC_Handler) for SVC_Handler
    startup_stm32f103xe.o(RESET) refers to stm32f1xx_it.o(i.DebugMon_Handler) for DebugMon_Handler
    startup_stm32f103xe.o(RESET) refers to stm32f1xx_it.o(i.PendSV_Handler) for PendSV_Handler
    startup_stm32f103xe.o(RESET) refers to stm32f1xx_it.o(i.SysTick_Handler) for SysTick_Handler
    startup_stm32f103xe.o(RESET) refers to stm32f1xx_it.o(i.RTC_IRQHandler) for RTC_IRQHandler
    startup_stm32f103xe.o(RESET) refers to stm32f1xx_it.o(i.USB_LP_CAN1_RX0_IRQHandler) for USB_LP_CAN1_RX0_IRQHandler
    startup_stm32f103xe.o(RESET) refers to stm32f1xx_it.o(i.TIM2_IRQHandler) for TIM2_IRQHandler
    startup_stm32f103xe.o(.text) refers to system_stm32f1xx.o(i.SystemInit) for SystemInit
    startup_stm32f103xe.o(.text) refers to entry.o(.ARM.Collect$$$$00000000) for __main
    main.o(i.BZZUER) refers to stm32f1xx_hal_gpio.o(i.HAL_GPIO_WritePin) for HAL_GPIO_WritePin
    main.o(i.BZZUER) refers to delay.o(i.delay_ms) for delay_ms
    main.o(i.Brightness) refers to main.o(.bss) for SYSPAR
    main.o(i.MX_ADC1_Init) refers to stm32f1xx_hal_adc.o(i.HAL_ADC_Init) for HAL_ADC_Init
    main.o(i.MX_ADC1_Init) refers to main.o(i.Error_Handler) for Error_Handler
    main.o(i.MX_ADC1_Init) refers to stm32f1xx_hal_adc.o(i.HAL_ADC_ConfigChannel) for HAL_ADC_ConfigChannel
    main.o(i.MX_ADC1_Init) refers to main.o(.bss) for hadc1
    main.o(i.MX_FSMC_Init) refers to memseta.o(.text) for __aeabi_memclr4
    main.o(i.MX_FSMC_Init) refers to stm32f1xx_hal_sram.o(i.HAL_SRAM_Init) for HAL_SRAM_Init
    main.o(i.MX_FSMC_Init) refers to main.o(i.Error_Handler) for Error_Handler
    main.o(i.MX_FSMC_Init) refers to main.o(.bss) for hsram1
    main.o(i.MX_GPIO_Init) refers to stm32f1xx_hal_gpio.o(i.HAL_GPIO_WritePin) for HAL_GPIO_WritePin
    main.o(i.MX_GPIO_Init) refers to stm32f1xx_hal_gpio.o(i.HAL_GPIO_Init) for HAL_GPIO_Init
    main.o(i.MX_RTC_Init) refers to stm32f1xx_hal_rtc.o(i.HAL_RTC_Init) for HAL_RTC_Init
    main.o(i.MX_RTC_Init) refers to main.o(i.Error_Handler) for Error_Handler
    main.o(i.MX_RTC_Init) refers to stm32f1xx_hal_rtc.o(i.HAL_RTC_SetTime) for HAL_RTC_SetTime
    main.o(i.MX_RTC_Init) refers to stm32f1xx_hal_rtc.o(i.HAL_RTC_SetDate) for HAL_RTC_SetDate
    main.o(i.MX_RTC_Init) refers to main.o(.bss) for hrtc
    main.o(i.MX_SPI1_Init) refers to stm32f1xx_hal_spi.o(i.HAL_SPI_Init) for HAL_SPI_Init
    main.o(i.MX_SPI1_Init) refers to main.o(i.Error_Handler) for Error_Handler
    main.o(i.MX_SPI1_Init) refers to main.o(.bss) for hspi1
    main.o(i.MX_SPI2_Init) refers to stm32f1xx_hal_spi.o(i.HAL_SPI_Init) for HAL_SPI_Init
    main.o(i.MX_SPI2_Init) refers to main.o(i.Error_Handler) for Error_Handler
    main.o(i.MX_SPI2_Init) refers to main.o(.bss) for hspi2
    main.o(i.MX_SPI3_Init) refers to stm32f1xx_hal_spi.o(i.HAL_SPI_Init) for HAL_SPI_Init
    main.o(i.MX_SPI3_Init) refers to main.o(i.Error_Handler) for Error_Handler
    main.o(i.MX_SPI3_Init) refers to main.o(.bss) for hspi3
    main.o(i.MX_TIM2_Init) refers to stm32f1xx_hal_tim.o(i.HAL_TIM_Base_Init) for HAL_TIM_Base_Init
    main.o(i.MX_TIM2_Init) refers to main.o(i.Error_Handler) for Error_Handler
    main.o(i.MX_TIM2_Init) refers to stm32f1xx_hal_tim.o(i.HAL_TIM_ConfigClockSource) for HAL_TIM_ConfigClockSource
    main.o(i.MX_TIM2_Init) refers to stm32f1xx_hal_tim_ex.o(i.HAL_TIMEx_MasterConfigSynchronization) for HAL_TIMEx_MasterConfigSynchronization
    main.o(i.MX_TIM2_Init) refers to stm32f1xx_hal_tim.o(i.HAL_TIM_Base_Start_IT) for HAL_TIM_Base_Start_IT
    main.o(i.MX_TIM2_Init) refers to main.o(.bss) for htim2
    main.o(i.MX_TIM3_Init) refers to memseta.o(.text) for __aeabi_memclr4
    main.o(i.MX_TIM3_Init) refers to stm32f1xx_hal_tim.o(i.HAL_TIM_Base_Init) for HAL_TIM_Base_Init
    main.o(i.MX_TIM3_Init) refers to main.o(i.Error_Handler) for Error_Handler
    main.o(i.MX_TIM3_Init) refers to stm32f1xx_hal_tim.o(i.HAL_TIM_ConfigClockSource) for HAL_TIM_ConfigClockSource
    main.o(i.MX_TIM3_Init) refers to stm32f1xx_hal_tim.o(i.HAL_TIM_PWM_Init) for HAL_TIM_PWM_Init
[...]
    HAL_RCCEx_PeriphCLKConfig                0x08004819   Thumb Code   290  stm32f1xx_hal_rcc_ex.o(i.HAL_RCCEx_PeriphCLKConfig)
    HAL_RCC_ClockConfig                      0x08004949   Thumb Code   376  stm32f1xx_hal_rcc.o(i.HAL_RCC_ClockConfig)
    HAL_RCC_GetHCLKFreq                      0x08004ad5   Thumb Code     6  stm32f1xx_hal_rcc.o(i.HAL_RCC_GetHCLKFreq)
    HAL_RCC_GetPCLK2Freq                     0x08004ae1   Thumb Code    22  stm32f1xx_hal_rcc.o(i.HAL_RCC_GetPCLK2Freq)
    HAL_RCC_GetSysClockFreq                  0x08004b01   Thumb Code   116  stm32f1xx_hal_rcc.o(i.HAL_RCC_GetSysClockFreq)
    HAL_RCC_OscConfig                        0x08004b95   Thumb Code  1114  stm32f1xx_hal_rcc.o(i.HAL_RCC_OscConfig)
    HAL_RTCEx_RTCEventCallback               0x08004ff9   Thumb Code     2  stm32f1xx_hal_rtc_ex.o(i.HAL_RTCEx_RTCEventCallback)
    HAL_RTCEx_RTCEventErrorCallback          0x08004ffb   Thumb Code     2  stm32f1xx_hal_rtc_ex.o(i.HAL_RTCEx_RTCEventErrorCallback)
    HAL_RTCEx_RTCIRQHandler                  0x08004ffd   Thumb Code    78  stm32f1xx_hal_rtc_ex.o(i.HAL_RTCEx_RTCIRQHandler)
    HAL_RTC_GetDate                          0x0800504b   Thumb Code    82  stm32f1xx_hal_rtc.o(i.HAL_RTC_GetDate)
    HAL_RTC_GetTime                          0x0800509d   Thumb Code   260  stm32f1xx_hal_rtc.o(i.HAL_RTC_GetTime)
    HAL_RTC_Init                             0x080051a1   Thumb Code   202  stm32f1xx_hal_rtc.o(i.HAL_RTC_Init)
    HAL_RTC_MspInit                          0x08005271   Thumb Code    68  stm32f1xx_hal_msp.o(i.HAL_RTC_MspInit)
    HAL_RTC_SetDate                          0x080052c1   Thumb Code   242  stm32f1xx_hal_rtc.o(i.HAL_RTC_SetDate)
    HAL_RTC_SetTime                          0x080053b9   Thumb Code   214  stm32f1xx_hal_rtc.o(i.HAL_RTC_SetTime)
    HAL_RTC_WaitForSynchro                   0x08005495   Thumb Code    64  stm32f1xx_hal_rtc.o(i.HAL_RTC_WaitForSynchro)
    HAL_SPI_Init                             0x080054d5   Thumb Code   190  stm32f1xx_hal_spi.o(i.HAL_SPI_Init)
    HAL_SPI_MspInit                          0x08005595   Thumb Code   328  stm32f1xx_hal_msp.o(i.HAL_SPI_MspInit)
    HAL_SPI_Receive                          0x080056f5   Thumb Code   368  stm32f1xx_hal_spi.o(i.HAL_SPI_Receive)
    HAL_SPI_Transmit                         0x08005865   Thumb Code   430  stm32f1xx_hal_spi.o(i.HAL_SPI_Transmit)
    HAL_SPI_TransmitReceive                  0x08005a13   Thumb Code   554  stm32f1xx_hal_spi.o(i.HAL_SPI_TransmitReceive)
    HAL_SRAM_Init                            0x08005c3d   Thumb Code   102  stm32f1xx_hal_sram.o(i.HAL_SRAM_Init)
    HAL_SRAM_MspInit                         0x08005ca3   Thumb Code    10  stm32f1xx_hal_msp.o(i.HAL_SRAM_MspInit)
    HAL_SYSTICK_Config                       0x08005cad   Thumb Code    52  stm32f1xx_hal_cortex.o(i.HAL_SYSTICK_Config)
    HAL_TIMEx_BreakCallback                  0x08005ce1   Thumb Code     2  stm32f1xx_hal_tim_ex.o(i.HAL_TIMEx_BreakCallback)
    HAL_TIMEx_CommutCallback                 0x08005ce3   Thumb Code     2  stm32f1xx_hal_tim_ex.o(i.HAL_TIMEx_CommutCallback)
    HAL_TIMEx_MasterConfigSynchronization    0x08005ce5   Thumb Code   134  stm32f1xx_hal_tim_ex.o(i.HAL_TIMEx_MasterConfigSynchronization)
    HAL_TIM_Base_Init                        0x08005d81   Thumb Code   102  stm32f1xx_hal_tim.o(i.HAL_TIM_Base_Init)
    HAL_TIM_Base_MspInit                     0x08005de9   Thumb Code    96  stm32f1xx_hal_msp.o(i.HAL_TIM_Base_MspInit)
    HAL_TIM_Base_Start_IT                    0x08005e51   Thumb Code   122  stm32f1xx_hal_tim.o(i.HAL_TIM_Base_Start_IT)
    HAL_TIM_ConfigClockSource                0x08005ee1   Thumb Code   264  stm32f1xx_hal_tim.o(i.HAL_TIM_ConfigClockSource)
    HAL_TIM_IC_CaptureCallback               0x08005fe9   Thumb Code     2  stm32f1xx_hal_tim.o(i.HAL_TIM_IC_CaptureCallback)
    HAL_TIM_IRQHandler                       0x08005feb   Thumb Code   406  stm32f1xx_hal_tim.o(i.HAL_TIM_IRQHandler)
    HAL_TIM_MspPostInit                      0x08006181   Thumb Code    96  stm32f1xx_hal_msp.o(i.HAL_TIM_MspPostInit)
    HAL_TIM_OC_DelayElapsedCallback          0x080061f1   Thumb Code     2  stm32f1xx_hal_tim.o(i.HAL_TIM_OC_DelayElapsedCallback)
    HAL_TIM_PWM_ConfigChannel                0x080061f3   Thumb Code   252  stm32f1xx_hal_tim.o(i.HAL_TIM_PWM_ConfigChannel)
    HAL_TIM_PWM_Init                         0x080062ef   Thumb Code   102  stm32f1xx_hal_tim.o(i.HAL_TIM_PWM_Init)
    HAL_TIM_PWM_MspInit                      0x08006355   Thumb Code     2  stm32f1xx_hal_tim.o(i.HAL_TIM_PWM_MspInit)
    HAL_TIM_PWM_PulseFinishedCallback        0x08006357   Thumb Code     2  stm32f1xx_hal_tim.o(i.HAL_TIM_PWM_PulseFinishedCallback)
    HAL_TIM_PWM_Start                        0x08006359   Thumb Code   222  stm32f1xx_hal_tim.o(i.HAL_TIM_PWM_Start)
    HAL_TIM_PeriodElapsedCallback            0x0800644d   Thumb Code     2  stm32f1xx_hal_tim.o(i.HAL_TIM_PeriodElapsedCallback)
    HAL_TIM_TriggerCallback                  0x0800644f   Thumb Code     2  stm32f1xx_hal_tim.o(i.HAL_TIM_TriggerCallback)
    HardFault_Handler                        0x08006451   Thumb Code     4  stm32f1xx_it.o(i.HardFault_Handler)
    Hex_Format                               0x08006455   Thumb Code   374  menu.o(i.Hex_Format)
    INPUT_CONFIRM                            0x080065d1   Thumb Code   332  menu.o(i.INPUT_CONFIRM)
    Init_CH376                               0x08006741   Thumb Code    88  ch376.o(i.Init_CH376)
    KEY_COLORBLOCK                           0x08006831   Thumb Code  2708  menu.o(i.KEY_COLORBLOCK)
    KEY_HANDLE                               0x080072cd   Thumb Code  4246  menu.o(i.KEY_HANDLE)
    LcdClear                                 0x08008371   Thumb Code    44  lcd.o(i.LcdClear)
    LcdFillRec                               0x080083a1   Thumb Code    74  lcd.o(i.LcdFillRec)
    LcdPrintEn12x24                          0x080083f1   Thumb Code   202  lcd.o(i.LcdPrintEn12x24)
    LcdPrintEn8x16                           0x080084c5   Thumb Code   148  lcd.o(i.LcdPrintEn8x16)
    LcdPrintHorz                             0x08008561   Thumb Code    50  lcd.o(i.LcdPrintHorz)
    LcdPrintHz16x16                          0x08008599   Thumb Code   208  lcd.o(i.LcdPrintHz16x16)
    LcdPrintRec                              0x08008671   Thumb Code    84  lcd.o(i.LcdPrintRec)
    LcdPrintStr24                            0x080086c5   Thumb Code    80  lcd.o(i.LcdPrintStr24)
    LcdPrintVert                             0x08008715   Thumb Code    50  lcd.o(i.LcdPrintVert)
    LcdSetArea                               0x0800874d   Thumb Code    54  lcd.o(i.LcdSetArea)
    Lcd_Str16                                0x08008789   Thumb Code   100  lcd.o(i.Lcd_Str16)
    MX_USB_DEVICE_Init                       0x08008d45   Thumb Code    60  usb_device.o(i.MX_USB_DEVICE_Init)
    MemManage_Handler                        0x08008d91   Thumb Code     4  stm32f1xx_it.o(i.MemManage_Handler)
    MemRdHalfWord                            0x08008d95   Thumb Code    26  flash.o(i.MemRdHalfWord)
    NMI_Handler                              0x08008daf   Thumb Code     4  stm32f1xx_it.o(i.NMI_Handler)
    PendSV_Handler                           0x080091a5   Thumb Code     2  stm32f1xx_it.o(i.PendSV_Handler)
    Query376Interrupt                        0x080091a9   Thumb Code    24  ch376.o(i.Query376Interrupt)
    RGB888TORGB565                           0x080091ed   Thumb Code    36  lcd.o(i.RGB888TORGB565)
    RTC_IRQHandler                           0x0800936d   Thumb Code    10  stm32f1xx_it.o(i.RTC_IRQHandler)
    RdDevPara                                0x080094dd   Thumb Code    18  flash.o(i.RdDevPara)
    RdSysPara                                0x080094f5   Thumb Code    24  flash.o(i.RdSysPara)
    SPIx_ReadWriteByte                       0x080096b1   Thumb Code    30  ch376.o(i.SPIx_ReadWriteByte)
    SVC_Handler                              0x080096d5   Thumb Code     2  stm32f1xx_it.o(i.SVC_Handler)
    SaveDevPara                              0x080096d9   Thumb Code    94  flash.o(i.SaveDevPara)
    SaveSysPara                              0x08009745   Thumb Code   100  flash.o(i.SaveSysPara)
    ScanKey                                  0x080097b1   Thumb Code   254  main.o(i.ScanKey)
    SpiRxByte                                0x080098c5   Thumb Code    24  ad.o(i.SpiRxByte)
    SpiTxByte                                0x080098e1   Thumb Code    16  ad.o(i.SpiTxByte)
    SysTick_Handler                          0x080098f5   Thumb Code     8  stm32f1xx_it.o(i.SysTick_Handler)
    SystemClock_Config                       0x080098fd   Thumb Code   142  main.o(i.SystemClock_Config)
    SystemInit                               0x0800998b   Thumb Code     2  system_stm32f1xx.o(i.SystemInit)
    TIM2_IRQHandler                          0x0800998d   Thumb Code   100  stm32f1xx_it.o(i.TIM2_IRQHandler)
    TIM_Base_SetConfig                       0x08009a0d   Thumb Code   134  stm32f1xx_hal_tim.o(i.TIM_Base_SetConfig)
    TIM_CCxChannelCmd                        0x08009aa9   Thumb Code    34  stm32f1xx_hal_tim.o(i.TIM_CCxChannelCmd)
    TIM_ETR_SetConfig                        0x08009acb   Thumb Code    22  stm32f1xx_hal_tim.o(i.TIM_ETR_SetConfig)
    TIM_OC2_SetConfig                        0x08009b65   Thumb Code   114  stm32f1xx_hal_tim.o(i.TIM_OC2_SetConfig)
    TOUCH_Adjust                             0x08009cfd   Thumb Code   422  touch.o(i.TOUCH_Adjust)
    TOUCH_HANDLE                             0x08009ebd   Thumb Code  3066  touch.o(i.TOUCH_HANDLE)
    TOUCH_ReadData                           0x0800aadd   Thumb Code   200  touch.o(i.TOUCH_ReadData)
    TOUCH_ReadXY                             0x0800aba9   Thumb Code   244  touch.o(i.TOUCH_ReadXY)
    TOUCH_SCAN                               0x0800aca5   Thumb Code    64  touch.o(i.TOUCH_SCAN)
    TempC2K                                  0x0800acf1   Thumb Code    24  meas.o(i.TempC2K)
    USBD_CUSTOM_HID_RegisterInterface        0x0800ae43   Thumb Code    14  usbd_customhid.o(i.USBD_CUSTOM_HID_RegisterInterface)
    USBD_ClrClassConfig                      0x0800afc5   Thumb Code    22  usbd_core.o(i.USBD_ClrClassConfig)
    USBD_CtlContinueRx                       0x0800b019   Thumb Code    24  usbd_ioreq.o(i.USBD_CtlContinueRx)
    USBD_CtlContinueSendData                 0x0800b031   Thumb Code    24  usbd_ioreq.o(i.USBD_CtlContinueSendData)
    USBD_CtlError                            0x0800b049   Thumb Code    24  usbd_ctlreq.o(i.USBD_CtlError)
    USBD_CtlPrepareRx                        0x0800b061   Thumb Code    40  usbd_ioreq.o(i.USBD_CtlPrepareRx)
    USBD_CtlReceiveStatus                    0x0800b089   Thumb Code    26  usbd_ioreq.o(i.USBD_CtlReceiveStatus)
    USBD_CtlSendData                         0x0800b0a3   Thumb Code    34  usbd_ioreq.o(i.USBD_CtlSendData)
    USBD_CtlSendStatus                       0x0800b0c5   Thumb Code    26  usbd_ioreq.o(i.USBD_CtlSendStatus)
    USBD_FS_ConfigStrDescriptor              0x0800b0e1   Thumb Code    34  usbd_desc.o(i.USBD_FS_ConfigStrDescriptor)
    USBD_FS_DeviceDescriptor                 0x0800b11d   Thumb Code    10  usbd_desc.o(i.USBD_FS_DeviceDescriptor)
    USBD_FS_InterfaceStrDescriptor           0x0800b12d   Thumb Code    34  usbd_desc.o(i.USBD_FS_InterfaceStrDescriptor)
    USBD_FS_LangIDStrDescriptor              0x0800b16d   Thumb Code    10  usbd_desc.o(i.USBD_FS_LangIDStrDescriptor)
    USBD_FS_ManufacturerStrDescriptor        0x0800b17d   Thumb Code    20  usbd_desc.o(i.USBD_FS_ManufacturerStrDescriptor)
    USBD_FS_ProductStrDescriptor             0x0800b1a9   Thumb Code    34  usbd_desc.o(i.USBD_FS_ProductStrDescriptor)
    USBD_FS_SerialStrDescriptor              0x0800b1f1   Thumb Code    18  usbd_desc.o(i.USBD_FS_SerialStrDescriptor)
    USBD_GetString                           0x0800b4c1   Thumb Code    82  usbd_ctlreq.o(i.USBD_GetString)
    USBD_Init                                0x0800b53f   Thumb Code    50  usbd_core.o(i.USBD_Init)
    USBD_LL_ClearStallEP                     0x0800b571   Thumb Code    38  usbd_conf.o(i.USBD_LL_ClearStallEP)
    USBD_LL_CloseEP                          0x0800b597   Thumb Code    38  usbd_conf.o(i.USBD_LL_CloseEP)
    USBD_LL_DataInStage                      0x0800b5bd   Thumb Code   256  usbd_core.o(i.USBD_LL_DataInStage)
    USBD_LL_DataOutStage                     0x0800b6bd   Thumb Code   166  usbd_core.o(i.USBD_LL_DataOutStage)
    USBD_LL_Init                             0x0800b765   Thumb Code   108  usbd_conf.o(i.USBD_LL_Init)
    USBD_LL_IsStallEP                        0x0800b7d9   Thumb Code    56  usbd_conf.o(i.USBD_LL_IsStallEP)
    USBD_LL_OpenEP                           0x0800b811   Thumb Code    48  usbd_conf.o(i.USBD_LL_OpenEP)
    USBD_LL_PrepareReceive                   0x0800b841   Thumb Code    48  usbd_conf.o(i.USBD_LL_PrepareReceive)
    USBD_LL_Reset                            0x0800b871   Thumb Code    92  usbd_core.o(i.USBD_LL_Reset)
    USBD_LL_Resume                           0x0800b8cd   Thumb Code    22  usbd_core.o(i.USBD_LL_Resume)
    USBD_LL_SOF                              0x0800b8e3   Thumb Code    34  usbd_core.o(i.USBD_LL_SOF)
    USBD_LL_SetSpeed                         0x0800b905   Thumb Code     8  usbd_core.o(i.USBD_LL_SetSpeed)
    USBD_LL_SetUSBAddress                    0x0800b90d   Thumb Code    38  usbd_conf.o(i.USBD_LL_SetUSBAddress)
    USBD_LL_SetupStage                       0x0800b933   Thumb Code   110  usbd_core.o(i.USBD_LL_SetupStage)
    USBD_LL_StallEP                          0x0800b9a1   Thumb Code    38  usbd_conf.o(i.USBD_LL_StallEP)
    USBD_LL_Start                            0x0800b9c7   Thumb Code    30  usbd_conf.o(i.USBD_LL_Start)
    USBD_LL_Suspend                          0x0800b9e5   Thumb Code    20  usbd_core.o(i.USBD_LL_Suspend)
    USBD_LL_Transmit                         0x0800b9f9   Thumb Code    48  usbd_conf.o(i.USBD_LL_Transmit)
    USBD_ParseSetupRequest                   0x0800ba29   Thumb Code    40  usbd_ctlreq.o(i.USBD_ParseSetupRequest)
    USBD_RegisterClass                       0x0800ba51   Thumb Code    16  usbd_core.o(i.USBD_RegisterClass)
    USBD_RunTestMode                         0x0800ba61   Thumb Code     6  usbd_core.o(i.USBD_RunTestMode)
    USBD_SetClassConfig                      0x0800bac1   Thumb Code    34  usbd_core.o(i.USBD_SetClassConfig)
    USBD_Start                               0x0800bbe5   Thumb Code    14  usbd_core.o(i.USBD_Start)
    USBD_StdDevReq                           0x0800bbf3   Thumb Code   162  usbd_ctlreq.o(i.USBD_StdDevReq)
    USBD_StdEPReq                            0x0800bc95   Thumb Code   568  usbd_ctlreq.o(i.USBD_StdEPReq)
    USBD_StdItfReq                           0x0800becd   Thumb Code   126  usbd_ctlreq.o(i.USBD_StdItfReq)
    USBD_static_free                         0x0800bf4b   Thumb Code     2  usbd_conf.o(i.USBD_static_free)
    USBD_static_malloc                       0x0800bf4d   Thumb Code     6  usbd_conf.o(i.USBD_static_malloc)
    USB_ActivateEndpoint                     0x0800bf59   Thumb Code  1100  stm32f1xx_ll_usb.o(i.USB_ActivateEndpoint)
    USB_CoreInit                             0x0800c3a5   Thumb Code     8  stm32f1xx_ll_usb.o(i.USB_CoreInit)
    USB_DeactivateEndpoint                   0x0800c3ad   Thumb Code   636  stm32f1xx_ll_usb.o(i.USB_DeactivateEndpoint)
    USB_DevConnect                           0x0800c629   Thumb Code     6  stm32f1xx_ll_usb.o(i.USB_DevConnect)
    USB_DevDisconnect                        0x0800c62f   Thumb Code     6  stm32f1xx_ll_usb.o(i.USB_DevDisconnect)
    USB_DevInit                              0x0800c635   Thumb Code    22  stm32f1xx_ll_usb.o(i.USB_DevInit)
    USB_DisableGlobalInt                     0x0800c64b   Thumb Code    20  stm32f1xx_ll_usb.o(i.USB_DisableGlobalInt)
    USB_EP0_OutStart                         0x0800c65f   Thumb Code     6  stm32f1xx_ll_usb.o(i.USB_EP0_OutStart)
    USB_EPClearStall                         0x0800c665   Thumb Code   218  stm32f1xx_ll_usb.o(i.USB_EPClearStall)
    USB_EPSetStall                           0x0800c73f   Thumb Code    92  stm32f1xx_ll_usb.o(i.USB_EPSetStall)
    USB_EPStartXfer                          0x0800c79b   Thumb Code  2954  stm32f1xx_ll_usb.o(i.USB_EPStartXfer)
    USB_EnableGlobalInt                      0x0800d325   Thumb Code    18  stm32f1xx_ll_usb.o(i.USB_EnableGlobalInt)
    USB_LP_CAN1_RX0_IRQHandler               0x0800d339   Thumb Code    10  stm32f1xx_it.o(i.USB_LP_CAN1_RX0_IRQHandler)
    USB_ReadInterrupts                       0x0800d349   Thumb Code     8  stm32f1xx_ll_usb.o(i.USB_ReadInterrupts)
    USB_ReadPMA                              0x0800d351   Thumb Code    74  stm32f1xx_ll_usb.o(i.USB_ReadPMA)
    USB_SetCurrentMode                       0x0800d39b   Thumb Code     6  stm32f1xx_ll_usb.o(i.USB_SetCurrentMode)
    USB_SetDevAddress                        0x0800d3a1   Thumb Code    14  stm32f1xx_ll_usb.o(i.USB_SetDevAddress)
    USB_WritePMA                             0x0800d3af   Thumb Code    66  stm32f1xx_ll_usb.o(i.USB_WritePMA)
    UsageFault_Handler                       0x0800d3f1   Thumb Code     4  stm32f1xx_it.o(i.UsageFault_Handler)
    Wait376Interrupt                         0x0800d3f5   Thumb Code    30  filesys.o(i.Wait376Interrupt)
    __0sprintf$6                             0x0800d419   Thumb Code    34  printf6.o(i.__0sprintf$6)
    __1sprintf$6                             0x0800d419   Thumb Code     0  printf6.o(i.__0sprintf$6)
    __2sprintf                               0x0800d419   Thumb Code     0  printf6.o(i.__0sprintf$6)
    __aeabi_errno_addr                       0x0800d479   Thumb Code     4  errno.o(i.__aeabi_errno_addr)
    __rt_errno_addr                          0x0800d479   Thumb Code     0  errno.o(i.__aeabi_errno_addr)
    __pt_meas                                0x0800d481   Thumb Code   172  temptable.o(i.__pt_meas)
    __read_errno                             0x0800d531   Thumb Code     6  errno.o(i.__read_errno)
    __scatterload_copy                       0x0800d53d   Thumb Code    14  handlers.o(i.__scatterload_copy)
    __scatterload_null                       0x0800d54b   Thumb Code     2  handlers.o(i.__scatterload_null)
    __scatterload_zeroinit                   0x0800d54d   Thumb Code    14  handlers.o(i.__scatterload_zeroinit)
    __set_errno                              0x0800d55d   Thumb Code     6  errno.o(i.__set_errno)
    __tc_meas                                0x0800d569   Thumb Code   310  tctable.o(i.__tc_meas)
    _is_digit                                0x0800d6a5   Thumb Code    14  scanf_fp.o(i._is_digit)
    ac30_channel_off                         0x0800da01   Thumb Code    36  ad.o(i.ac30_channel_off)
    ac30_channel_on                          0x0800da25   Thumb Code   296  ad.o(i.ac30_channel_on)
    ad7124_config                            0x0800db4d   Thumb Code   292  ad.o(i.ad7124_config)
    ad7124_convert                           0x0800dc81   Thumb Code   132  ad.o(i.ad7124_convert)
    ad7124_init                              0x0800dd0d   Thumb Code   108  ad.o(i.ad7124_init)
    ad7124_reset                             0x0800dead   Thumb Code   114  ad.o(i.ad7124_reset)
    ad_pro                                   0x0800df25   Thumb Code  1236  meas.o(i.ad_pro)
    atof                                     0x0800e401   Thumb Code    42  atof.o(i.atof)
    bat_get_adc                              0x0800e42d   Thumb Code    42  main.o(i.bat_get_adc)
    bubble_sort                              0x0800e45d   Thumb Code    66  meas.o(i.bubble_sort)
    cal_process                              0x0800e4a1   Thumb Code   154  meas.o(i.cal_process)
    channel_read                             0x0800e551   Thumb Code   292  ad.o(i.channel_read)
    delay_init                               0x0800e691   Thumb Code    56  delay.o(i.delay_init)
    delay_ms                                 0x0800e6d1   Thumb Code    56  delay.o(i.delay_ms)
    delay_us                                 0x0800e70d   Thumb Code    56  delay.o(i.delay_us)
    div64                                    0x0800e749   Thumb Code   404  meas.o(i.div64)
    linear_calib                             0x0800e94d   Thumb Code    56  meas.o(i.linear_calib)
    main                                     0x0800e985   Thumb Code   402  main.o(i.main)
    screen_init                              0x0800eb65   Thumb Code   476  lcd.o(i.screen_init)
    simple_k                                 0x0800ed45   Thumb Code    52  meas.o(i.simple_k)
    simple_t                                 0x0800ed79   Thumb Code    52  meas.o(i.simple_t)
    tmp0                                     0x0800edad   Thumb Code    82  18b20.o(i.tmp0)
    udisk_scan                               0x0800ee05   Thumb Code    68  main.o(i.udisk_scan)
    xEndCH376Cmd                             0x0800ee51   Thumb Code     8  ch376.o(i.xEndCH376Cmd)
    xReadCH376Data                           0x0800ee59   Thumb Code    20  ch376.o(i.xReadCH376Data)
    xWriteCH376Cmd                           0x0800ee6d   Thumb Code    34  ch376.o(i.xWriteCH376Cmd)
    xWriteCH376Data                          0x0800ee8f   Thumb Code    18  ch376.o(i.xWriteCH376Data)
    xpt2046_write8                           0x0800eea1   Thumb Code    12  touch.o(i.xpt2046_write8)
    AHBPrescTable                            0x0800eeac   Data          16  system_stm32f1xx.o(.constdata)
    APBPrescTable                            0x0800eebc   Data           8  system_stm32f1xx.o(.constdata)
    TESTDISP_BUTTON                          0x0800eec4   Data          60  menu.o(.constdata)
    SETUP_BUTTON                             0x0800ef00   Data          60  menu.o(.constdata)
    SYSSET_BUTTON                            0x0800ef3c   Data          80  menu.o(.constdata)
    CAL_BUTTON                               0x0800ef8c   Data          80  menu.o(.constdata)
    DATE_BUTTON1                             0x0800efdc   Data          80  menu.o(.constdata)
    DATE_BUTTON2                             0x0800f02c   Data          80  menu.o(.constdata)
    TIME_BUTTON1                             0x0800f07c   Data          80  menu.o(.constdata)
    TIME_BUTTON2                             0x0800f0cc   Data          80  menu.o(.constdata)
    TOP_CHAR                                 0x0800f11c   Data         150  menu.o(.constdata)
    SETUP_ITEM                               0x0800f1b2   Data         160  menu.o(.constdata)
    SYS_ITEM                                 0x0800f252   Data         420  menu.o(.constdata)
    CAL_ITEM                                 0x0800f3f6   Data          60  menu.o(.constdata)
    TCTYPE_ITEM                              0x0800f432   Data          50  menu.o(.constdata)
    DISTYPE_ITEM                             0x0800f464   Data          40  menu.o(.constdata)
    UNIT_ITEM                                0x0800f48c   Data          15  menu.o(.constdata)
    RATE_ITEM                                0x0800f49b   Data          80  menu.o(.constdata)
    ALARM_ITEM                               0x0800f4eb   Data          50  menu.o(.constdata)
    INPUT_BUTTON                             0x0800f51d   Data          60  menu.o(.constdata)
    SAVE_ITEM                                0x0800f559   Data          25  menu.o(.constdata)
    BUTTON_TIME                              0x0800f572   Data          25  menu.o(.constdata)
    SYSSET_ITEM                              0x0800f58b   Data         100  menu.o(.constdata)
    LANGUAGE_ITEM                            0x0800f5ef   Data          50  menu.o(.constdata)
    BRTNESS_ITEM                             0x0800f621   Data          50  menu.o(.constdata)
    DIM_ITEM                                 0x0800f653   Data         100  menu.o(.constdata)
    FILE_ITEM                                0x0800f6b7   Data         100  menu.o(.constdata)
    TOUCH_ITEM                               0x0800f71b   Data         100  menu.o(.constdata)
    SETCAL_ITEM                              0x0800f77f   Data          50  menu.o(.constdata)
    INPUT_ITEM                               0x0800f7b1   Data          60  menu.o(.constdata)
    INPUT_EXT                                0x0800f7ed   Data           6  menu.o(.constdata)
    USEROFFSET_ITEM                          0x0800f7f3   Data          25  menu.o(.constdata)
    ZK_24x32                                 0x0800f80c   Data        9021  zk.o(.constdata)
    ZK_8x16                                  0x08011b49   Data        1411  zk.o(.constdata)
    ZK_8x16_2                                0x080120cc   Data         240  zk.o(.constdata)
    ZK_8x16_3                                0x080121bc   Data          80  zk.o(.constdata)
    GB_16                                    0x0801220c   Data        6392  zk.o(.constdata)
    ZK_12x24                                 0x08013b04   Data        4606  zk.o(.constdata)
    ZK_4x7                                   0x08014d02   Data          96  zk.o(.constdata)
    ZK_11x15                                 0x08014d62   Data         351  zk.o(.constdata)
    ZK_11x17                                 0x08014ec1   Data         403  zk.o(.constdata)
    ZK_13x24                                 0x08015054   Data         637  zk.o(.constdata)
    ZK_10x15                                 0x080152d1   Data         270  zk.o(.constdata)
    ZK_48x54                                 0x080153df   Data        1300  zk.o(.constdata)
    AD7124_FS_TBL                            0x080158f4   Data          24  ad.o(.constdata)
    ADCFG_L_3PT                              0x0801590c   Data          10  ad.o(.constdata)
    ADCFG_R_3PT                              0x08015916   Data          10  ad.o(.constdata)
    ADCFG_TCOUPLE                            0x08015920   Data          10  ad.o(.constdata)
    PT100_DESC                               0x08015944   Data          12  meas.o(.constdata)
    PT1000_DESC                              0x08015950   Data          12  meas.o(.constdata)
    R_TC_DESC                                0x0801595c   Data          12  tctable.o(.constdata)
    S_TC_DESC                                0x08015968   Data          12  tctable.o(.constdata)
    B_TC_DESC                                0x08015974   Data          12  tctable.o(.constdata)
    K_TC_DESC                                0x08015980   Data          12  tctable.o(.constdata)
    E_TC_DESC                                0x0801598c   Data          12  tctable.o(.constdata)
    T_TC_DESC                                0x08015998   Data          12  tctable.o(.constdata)
    J_TC_DESC                                0x080159a4   Data          12  tctable.o(.constdata)
    N_TC_DESC                                0x080159b0   Data          12  tctable.o(.constdata)
    PT100_TBL                                0x080159bc   Data        4004  tctable.o(.constdata)
    PT1000_TBL                               0x08016960   Data        4004  tctable.o(.constdata)
    R_TC_TABLE                               0x08017904   Data        7276  tctable.o(.constdata)
    S_TC_TABLE                               0x08019570   Data        7276  tctable.o(.constdata)
    B_TC_TABLE                               0x0801b1dc   Data        7284  tctable.o(.constdata)
    K_TC_TABLE                               0x0801ce50   Data        6572  tctable.o(.constdata)
    E_TC_TABLE                               0x0801e7fc   Data        5084  tctable.o(.constdata)
    T_TC_TABLE                               0x0801fbd8   Data        2684  tctable.o(.constdata)
    J_TC_TABLE                               0x08020654   Data        5644  tctable.o(.constdata)
    N_TC_TABLE                               0x08021c60   Data        6284  tctable.o(.constdata)
    __ctype_table                            0x080234ec   Data         129  ctype_o.o(.constdata)
    Region$$Table$$Base                      0x08023574   Number         0  anon$$obj.o(Region$$Table)
    Region$$Table$$Limit                     0x08023594   Number         0  anon$$obj.o(Region$$Table)
    KeyNum                                   0x20000000   Data           1  main.o(.data)
    KeyFlag                                  0x20000001   Data           1  main.o(.data)
    testdata                                 0x20000004   Data           4  main.o(.data)
    Test                                     0x20000008   Data           8  main.o(.data)
    LinearCoeff                              0x20000010   Data         192  main.o(.data)
    Tenir                                    0x200000d0   Data           2  main.o(.data)
    testcount                                0x200000d2   Data           2  main.o(.data)
    temperature                              0x200000d4   Data           4  main.o(.data)
    usbstatus                                0x200000d8   Data           1  main.o(.data)
    ADC_Value                                0x200000da   Data           2  main.o(.data)
    testbuf                                  0x200000dc   Data           8  main.o(.data)
    oldkey                                   0x200000e5   Data           1  stm32f1xx_it.o(.data)
    key_trg                                  0x200000e6   Data           1  stm32f1xx_it.o(.data)
    newkey                                   0x200000e7   Data           1  stm32f1xx_it.o(.data)
    uwTick                                   0x200000f4   Data           4  stm32f1xx_hal.o(.data)
    uwTickPrio                               0x200000f8   Data           4  stm32f1xx_hal.o(.data)
    uwTickFreq                               0x200000fc   Data           1  stm32f1xx_hal.o(.data)
    SystemCoreClock                          0x20000100   Data           4  system_stm32f1xx.o(.data)
    GetDate                                  0x20000104   Data           4  menu.o(.data)
    GetTime                                  0x20000108   Data           3  menu.o(.data)
    total                                    0x2000010c   Data           4  menu.o(.data)
    skipfalg                                 0x20000110   Data           1  menu.o(.data)
    itempos                                  0x20000111   Data           1  menu.o(.data)
    pageflag                                 0x20000112   Data           1  menu.o(.data)
    buttonpage                               0x20000113   Data           1  menu.o(.data)
    displayflag                              0x20000114   Data           1  menu.o(.data)
    moveflag                                 0x20000115   Data           1  menu.o(.data)
    SYSTIME                                  0x20000116   Data           6  menu.o(.data)
    calflag                                  0x2000011c   Data           1  menu.o(.data)
    inputflag                                0x2000011d   Data           1  menu.o(.data)
    bit_flag                                 0x2000011e   Data           1  menu.o(.data)
    dot_flag                                 0x2000011f   Data           1  menu.o(.data)
    savesize                                 0x20000120   Data           2  flash.o(.data)
    TouchData                                0x20000122   Data           8  touch.o(.data)
    touchflag                                0x2000012a   Data           1  touch.o(.data)
    left_right                               0x2000013c   Data           8  ad.o(.data)
    cal_stepx                                0x20000144   Data           1  meas.o(.data)
    cal_tims                                 0x20000150   Data           1  meas.o(.data)
    flag_cal                                 0x20000151   Data           1  meas.o(.data)
    batt                                     0x20000152   Data           2  meas.o(.data)
    bat_v                                    0x20000154   Data           2  meas.o(.data)
    enir_temp                                0x20000156   Data           2  meas.o(.data)
    tempOVER                                 0x20000158   Data           1  meas.o(.data)
    FS_Desc                                  0x20000178   Data          28  usbd_desc.o(.data)
    USBD_FS_DeviceDesc                       0x20000194   Data          18  usbd_desc.o(.data)
    USBD_LangIDDesc                          0x200001a8   Data           4  usbd_desc.o(.data)
    USBD_StringSerial                        0x200001ac   Data          26  usbd_desc.o(.data)
    USBD_CustomHID_fops_FS                   0x200001ec   Data          16  usbd_custom_hid_if.o(.data)
    USBD_CUSTOM_HID                          0x20000200   Data          56  usbd_customhid.o(.data)
    hadc1                                    0x200002d8   Data          48  main.o(.bss)
    hrtc                                     0x20000308   Data          20  main.o(.bss)
    hspi1                                    0x2000031c   Data          88  main.o(.bss)
    hspi2                                    0x20000374   Data          88  main.o(.bss)
    hspi3                                    0x200003cc   Data          88  main.o(.bss)
    htim2                                    0x20000424   Data          72  main.o(.bss)
    htim3                                    0x2000046c   Data          72  main.o(.bss)
    hsram1                                   0x200004b4   Data          72  main.o(.bss)
    SYSPAR                                   0x200004fc   Data          46  main.o(.bss)
    TempOffset                               0x2000052a   Data          16  main.o(.bss)
    DispTemp                                 0x2000053a   Data          16  main.o(.bss)
    pFlash                                   0x20000550   Data          32  stm32f1xx_hal_flash.o(.bss)
    DispBuf                                  0x20000570   Data          12  menu.o(.bss)
    inputbuf                                 0x2000057c   Data          10  menu.o(.bss)
    ferase                                   0x20000588   Data          16  flash.o(.bss)
    CurrentTemp                              0x20000598   Data          16  meas.o(.bss)
    pt100_50ohm_adbuf                        0x200005a8   Data        1024  meas.o(.bss)
    pt100_300ohm_adbuf                       0x200009a8   Data        1024  meas.o(.bss)
    pt1000_500ohm_adbuf                      0x20000da8   Data        1024  meas.o(.bss)
    pt1000_3000ohm_adbuf                     0x200011a8   Data        1024  meas.o(.bss)
    tj_n50mv_adbuf                           0x200015a8   Data         128  meas.o(.bss)
    tj_50mv_adbuf                            0x20001628   Data         128  meas.o(.bss)
    tmp_emp                                  0x200016e8   Data          12  meas.o(.bss)
    pt_ad1                                   0x200016f4   Data          64  meas.o(.bss)
    pt_ad2                                   0x20001734   Data          64  meas.o(.bss)
    hUsbDeviceFS                             0x20001774   Data         708  usb_device.o(.bss)
    USBD_StrDesc                             0x20001a38   Data          64  usbd_desc.o(.bss)
    hpcd_USB_FS                              0x20001a78   Data         748  usbd_conf.o(.bss)
    __initial_sp                             0x200021c0   Data           0  startup_stm32f103xe.o(STACK)



==============================================================================

Memory Map of the image

  Image Entry point : 0x08000131

  Load Region LR_IROM1 (Base: 0x08000000, Size: 0x0002386c, Max: 0x00040000, ABSOLUTE, COMPRESSED[0x0002365c])

    Execution Region ER_IROM1 (Exec base: 0x08000000, Load base: 0x08000000, Size: 0x00023594, Max: 0x00040000, ABSOLUTE)

    Exec Addr    Load Addr    Size         Type   Attr      Idx    E Section Name        Object

    0x08000000   0x08000000   0x00000130   Data   RO            3    RESET               startup_stm32f103xe.o
    0x08000130   0x08000130   0x00000000   Code   RO         6425  * .ARM.Collect$$$$00000000  mc_w.l(entry.o)
    0x08000130   0x08000130   0x00000004   Code   RO         6727    .ARM.Collect$$$$00000001  mc_w.l(entry2.o)
    0x08000134   0x08000134   0x00000004   Code   RO         6730    .ARM.Collect$$$$00000004  mc_w.l(entry5.o)
    0x08000138   0x08000138   0x00000000   Code   RO         6732    .ARM.Collect$$$$00000008  mc_w.l(entry7b.o)
    0x08000138   0x08000138   0x00000000   Code   RO         6734    .ARM.Collect$$$$0000000A  mc_w.l(entry8b.o)
    0x08000138   0x08000138   0x00000008   Code   RO         6735    .ARM.Collect$$$$0000000B  mc_w.l(entry9a.o)
    0x08000140   0x08000140   0x00000000   Code   RO         6737    .ARM.Collect$$$$0000000D  mc_w.l(entry10a.o)
    0x08000140   0x08000140   0x00000000   Code   RO         6739    .ARM.Collect$$$$0000000F  mc_w.l(entry11a.o)
    0x08000140   0x08000140   0x00000004   Code   RO         6728    .ARM.Collect$$$$00002712  mc_w.l(entry2.o)
    0x08000144   0x08000144   0x00000024   Code   RO            4    .text               startup_stm32f103xe.o
    0x08000168   0x08000168   0x00000062   Code   RO         6428    .text               mc_w.l(uldiv.o)
    0x080001ca   0x080001ca   0x00000020   Code   RO         6430    .text               mc_w.l(llushr.o)
    0x080001ea   0x080001ea   0x00000024   Code   RO         6432    .text               mc_w.l(memcpya.o)
    0x0800020e   0x0800020e   0x00000024   Code   RO         6434    .text               mc_w.l(memseta.o)
    0x08000232   0x08000232   0x00000018   Code   RO         6436    .text               mc_w.l(strcat.o)
    0x0800024a   0x0800024a   0x0000001a   Code   RO         6701    .text               mc_w.l(atoi.o)
    0x08000264   0x08000264   0x000000b0   Code   RO         6703    .text               mf_w.l(fadd.o)
    0x08000314   0x08000314   0x00000064   Code   RO         6705    .text               mf_w.l(fmul.o)
    0x08000378   0x08000378   0x0000007c   Code   RO         6707    .text               mf_w.l(fdiv.o)
    0x080003f4   0x080003f4   0x000000e4   Code   RO         6709    .text               mf_w.l(dmul.o)
    0x080004d8   0x080004d8   0x00000012   Code   RO         6711    .text               mf_w.l(fflti.o)
    0x080004ea   0x080004ea   0x0000000a   Code   RO         6713    .text               mf_w.l(ffltui.o)
    0x080004f4   0x080004f4   0x00000032   Code   RO         6719    .text               mf_w.l(ffixi.o)
    0x08000526   0x08000526   0x00000028   Code   RO         6721    .text               mf_w.l(ffixui.o)
    0x0800054e   0x0800054e   0x0000003e   Code   RO         6723    .text               mf_w.l(dfixi.o)
    0x0800058c   0x0800058c   0x00000038   Code   RO         6725    .text               mf_w.l(d2f.o)
    0x080005c4   0x080005c4   0x0000002c   Code   RO         6744    .text               mc_w.l(uidiv.o)
    0x080005f0   0x080005f0   0x0000001e   Code   RO         6746    .text               mc_w.l(llshl.o)
    0x0800060e   0x0800060e   0x00000002   PAD
    0x08000610   0x08000610   0x0000009c   Code   RO         6755    .text               mc_w.l(strtod.o)
    0x080006ac   0x080006ac   0x00000070   Code   RO         6757    .text               mc_w.l(strtol.o)
    0x0800071c   0x0800071c   0x00000000   Code   RO         6759    .text               mc_w.l(iusefp.o)
    0x0800071c   0x0800071c   0x0000006e   Code   RO         6760    .text               mf_w.l(fepilogue.o)
    0x0800078a   0x0800078a   0x000000ba   Code   RO         6762    .text               mf_w.l(depilogue.o)
    0x08000844   0x08000844   0x000000de   Code   RO         6766    .text               mf_w.l(ddiv.o)
    0x08000922   0x08000922   0x00000002   PAD
    0x08000924   0x08000924   0x00000024   Code   RO         6772    .text               mc_w.l(init.o)
    0x08000948   0x08000948   0x00000008   Code   RO         6779    .text               mc_w.l(ctype_o.o)
    0x08000950   0x08000950   0x00000012   Code   RO         6801    .text               mc_w.l(isspace_o.o)
    0x08000962   0x08000962   0x00000002   PAD
    0x08000964   0x08000964   0x00000360   Code   RO         6807    .text               mc_w.l(scanf_fp.o)
    0x08000cc4   0x08000cc4   0x00000040   Code   RO         6811    .text               mc_w.l(_sgetc.o)
    0x08000d04   0x08000d04   0x0000009e   Code   RO         6813    .text               mc_w.l(_strtoul.o)
    0x08000da2   0x08000da2   0x0000001c   Code   RO         6819    .text               mc_w.l(_chval.o)
    0x08000dbe   0x08000dbe   0x00000018   Code   RO         6821    .text               mf_w.l(dfltul.o)
    0x08000dd6   0x08000dd6   0x00000056   Code   RO         6831    .text               mc_w.l(__dczerorl2.o)
    0x08000e2c   0x08000e2c   0x0000005c   Code   RO         2002    i.ADC_ConversionStop_Disable  stm32f1xx_hal_adc.o
    0x08000e88   0x08000e88   0x00000090   Code   RO         2006    i.ADC_Enable        stm32f1xx_hal_adc.o
    0x08000f18   0x08000f18   0x00000014   Code   RO         4761    i.AD_CS0            ad.o
    0x08000f2c   0x08000f2c   0x00000014   Code   RO         4762    i.AD_CS1            ad.o
    0x08000f40   0x08000f40   0x00000024   Code   RO           13    i.BZZUER            main.o
    0x08000f64   0x08000f64   0x00000054   Code   RO           14    i.Brightness        main.o
    0x08000fb8   0x08000fb8   0x00000004   Code   RO          304    i.BusFault_Handler  stm32f1xx_it.o
    0x08000fbc   0x08000fbc   0x00000014   Code   RO         4763    i.CH1OFF            ad.o
    0x08000fd0   0x08000fd0   0x00000014   Code   RO         4764    i.CH1ON             ad.o
    0x08000fe4   0x08000fe4   0x00000014   Code   RO         4765    i.CH2OFF            ad.o
    0x08000ff8   0x08000ff8   0x00000014   Code   RO         4766    i.CH2ON             ad.o
    0x0800100c   0x0800100c   0x00000014   Code   RO         5419    i.CH376DiskConnect  filesys.o
    0x08001020   0x08001020   0x0000000a   Code   RO         5420    i.CH376DiskMount    filesys.o
    0x0800102a   0x0800102a   0x0000001c   Code   RO         5433    i.CH376GetIntStatus  filesys.o
    0x08001046   0x08001046   0x00000014   Code   RO         5440    i.CH376SendCmdWaitInt  filesys.o
    0x0800105a   0x0800105a   0x00000002   PAD
    0x0800105c   0x0800105c   0x00000014   Code   RO         5318    i.CH376_CS0         ch376.o
    0x08001070   0x08001070   0x00000014   Code   RO         5319    i.CH376_CS1         ch376.o
    0x08001084   0x08001084   0x00000014   Code   RO         4767    i.CH3OFF            ad.o
    0x08001098   0x08001098   0x00000014   Code   RO         4768    i.CH3ON             ad.o
    0x080010ac   0x080010ac   0x00000014   Code   RO         4769    i.CH4OFF            ad.o
    0x080010c0   0x080010c0   0x00000014   Code   RO         4770    i.CH4ON             ad.o
    0x080010d4   0x080010d4   0x00000014   Code   RO         4771    i.CH5OFF            ad.o
    0x080010e8   0x080010e8   0x00000014   Code   RO         4772    i.CH5ON             ad.o
    0x080010fc   0x080010fc   0x00000014   Code   RO         4773    i.CH6OFF            ad.o
    0x08001110   0x08001110   0x00000014   Code   RO         4774    i.CH6ON             ad.o
    0x08001124   0x08001124   0x00000014   Code   RO         4775    i.CH7OFF            ad.o
    0x08001138   0x08001138   0x00000014   Code   RO         4776    i.CH7ON             ad.o
    0x0800114c   0x0800114c   0x00000014   Code   RO         4777    i.CH8OFF            ad.o
    0x08001160   0x08001160   0x00000014   Code   RO         4778    i.CH8ON             ad.o
    0x08001174   0x08001174   0x00000004   Code   RO         5793    i.CUSTOM_HID_DeInit_FS  usbd_custom_hid_if.o
    0x08001178   0x08001178   0x00000004   Code   RO         5794    i.CUSTOM_HID_Init_FS  usbd_custom_hid_if.o
    0x0800117c   0x0800117c   0x00000006   Code   RO         5795    i.CUSTOM_HID_OutEvent_FS  usbd_custom_hid_if.o
    0x08001182   0x08001182   0x00000002   PAD
    0x08001184   0x08001184   0x00000070   Code   RO         4461    i.DEL_NUM           menu.o
    0x080011f4   0x080011f4   0x00000020   Code   RO         4462    i.DISP_CAL          menu.o
    0x08001214   0x08001214   0x000000a0   Code   RO         4463    i.DISP_CHNUM        menu.o
    0x080012b4   0x080012b4   0x00000234   Code   RO         4464    i.DISP_INPUT        menu.o
    0x080014e8   0x080014e8   0x0000007c   Code   RO         4465    i.DISP_NUM          menu.o
    0x08001564   0x08001564   0x00000054   Code   RO         4466    i.DISP_PAGE         menu.o
    0x080015b8   0x080015b8   0x000007d0   Code   RO         4467    i.DISP_PAGE_ITEM    menu.o
    0x08001d88   0x08001d88   0x000000d4   Code   RO         4468    i.DISP_SETUP        menu.o
    0x08001e5c   0x08001e5c   0x00000138   Code   RO         4469    i.DISP_SYS          menu.o
    0x08001f94   0x08001f94   0x000003ac   Code   RO         4470    i.DISP_TEMP         menu.o
    0x08002340   0x08002340   0x00000078   Code   RO         4471    i.DISP_TEST         menu.o
    0x080023b8   0x080023b8   0x00000160   Code   RO         4472    i.DISP_TIME         menu.o
    0x08002518   0x08002518   0x00000034   Code   RO         4473    i.DISP_TOP          menu.o
    0x0800254c   0x0800254c   0x00000108   Code   RO         4474    i.DRAW_BUTTON       menu.o
    0x08002654   0x08002654   0x000000e8   Code   RO         4678    i.DRAW_TOUCH_SIGN   touch.o
    0x0800273c   0x0800273c   0x0000001c   Code   RO         5156    i.DS18B20_Init      18b20.o
    0x08002758   0x08002758   0x00000020   Code   RO         5157    i.DS18B20_Mode_IPU  18b20.o
    0x08002778   0x08002778   0x0000001c   Code   RO         5158    i.DS18B20_Mode_Out_PP  18b20.o
    0x08002794   0x08002794   0x00000058   Code   RO         5159    i.DS18B20_Presence  18b20.o
    0x080027ec   0x080027ec   0x0000003c   Code   RO         5160    i.DS18B20_Read_Bit  18b20.o
    0x08002828   0x08002828   0x00000022   Code   RO         5161    i.DS18B20_Read_Byte  18b20.o
    0x0800284a   0x0800284a   0x00000002   PAD
    0x0800284c   0x0800284c   0x00000030   Code   RO         5162    i.DS18B20_Rst       18b20.o
    0x0800287c   0x0800287c   0x00000064   Code   RO         5164    i.DS18B20_Write_Byte  18b20.o
    0x080028e0   0x080028e0   0x00000002   Code   RO          305    i.DebugMon_Handler  stm32f1xx_it.o
    0x080028e2   0x080028e2   0x00000016   Code   RO           16    i.DelayUs           main.o
    0x080028f8   0x080028f8   0x00000006   Code   RO           17    i.Error_Handler     main.o
    0x080028fe   0x080028fe   0x00000002   PAD
    0x08002900   0x08002900   0x0000001c   Code   RO         4620    i.FLASH_Init        flash.o
    0x0800291c   0x0800291c   0x00000028   Code   RO         1824    i.FLASH_MassErase   stm32f1xx_hal_flash_ex.o
    0x08002944   0x08002944   0x00000028   Code   RO         1833    i.FLASH_PageErase   stm32f1xx_hal_flash_ex.o
    0x0800296c   0x0800296c   0x00000020   Code   RO         1721    i.FLASH_Program_HalfWord  stm32f1xx_hal_flash.o
    0x0800298c   0x0800298c   0x00000084   Code   RO         1722    i.FLASH_SetErrorCode  stm32f1xx_hal_flash.o
    0x08002a10   0x08002a10   0x00000070   Code   RO         1723    i.FLASH_WaitForLastOperation  stm32f1xx_hal_flash.o
    0x08002a80   0x08002a80   0x00000044   Code   RO         2286    i.FSMC_NORSRAM_Extended_Timing_Init  stm32f1xx_ll_fsmc.o
    0x08002ac4   0x08002ac4   0x00000078   Code   RO         2287    i.FSMC_NORSRAM_Init  stm32f1xx_ll_fsmc.o
    0x08002b3c   0x08002b3c   0x00000042   Code   RO         2288    i.FSMC_NORSRAM_Timing_Init  stm32f1xx_ll_fsmc.o
    0x08002b7e   0x08002b7e   0x00000002   PAD
    0x08002b80   0x08002b80   0x00000034   Code   RO         5703    i.Get_SerialNum     usbd_desc.o
    0x08002bb4   0x08002bb4   0x00000160   Code   RO         2008    i.HAL_ADC_ConfigChannel  stm32f1xx_hal_adc.o
    0x08002d14   0x08002d14   0x00000006   Code   RO         2014    i.HAL_ADC_GetState  stm32f1xx_hal_adc.o
    0x08002d1a   0x08002d1a   0x00000008   Code   RO         2015    i.HAL_ADC_GetValue  stm32f1xx_hal_adc.o
    0x08002d22   0x08002d22   0x00000002   PAD
    0x08002d24   0x08002d24   0x00000160   Code   RO         2017    i.HAL_ADC_Init      stm32f1xx_hal_adc.o
    0x08002e84   0x08002e84   0x00000070   Code   RO          406    i.HAL_ADC_MspInit   stm32f1xx_hal_msp.o
    0x08002ef4   0x08002ef4   0x00000180   Code   RO         2021    i.HAL_ADC_PollForConversion  stm32f1xx_hal_adc.o
    0x08003074   0x08003074   0x00000130   Code   RO         2023    i.HAL_ADC_Start     stm32f1xx_hal_adc.o
    0x080031a4   0x080031a4   0x000000b0   Code   RO         1834    i.HAL_FLASHEx_Erase  stm32f1xx_hal_flash_ex.o
    0x08003254   0x08003254   0x00000014   Code   RO         1727    i.HAL_FLASH_Lock    stm32f1xx_hal_flash.o
    0x08003268   0x08003268   0x000000b0   Code   RO         1732    i.HAL_FLASH_Program  stm32f1xx_hal_flash.o
    0x08003318   0x08003318   0x00000030   Code   RO         1734    i.HAL_FLASH_Unlock  stm32f1xx_hal_flash.o
    0x08003348   0x08003348   0x0000007c   Code   RO          408    i.HAL_FSMC_MspInit  stm32f1xx_hal_msp.o
    0x080033c4   0x080033c4   0x00000340   Code   RO         1316    i.HAL_GPIO_Init     stm32f1xx_hal_gpio.o
    0x08003704   0x08003704   0x00000010   Code   RO         1318    i.HAL_GPIO_ReadPin  stm32f1xx_hal_gpio.o
    0x08003714   0x08003714   0x0000000c   Code   RO         1320    i.HAL_GPIO_WritePin  stm32f1xx_hal_gpio.o
    0x08003720   0x08003720   0x0000000c   Code   RO         1007    i.HAL_GetTick       stm32f1xx_hal.o
    0x0800372c   0x0800372c   0x00000018   Code   RO         1013    i.HAL_IncTick       stm32f1xx_hal.o
    0x08003744   0x08003744   0x00000028   Code   RO         1014    i.HAL_Init          stm32f1xx_hal.o
    0x0800376c   0x0800376c   0x0000004c   Code   RO         1015    i.HAL_InitTick      stm32f1xx_hal.o
    0x080037b8   0x080037b8   0x00000054   Code   RO          409    i.HAL_MspInit       stm32f1xx_hal_msp.o
    0x0800380c   0x0800380c   0x00000020   Code   RO         1476    i.HAL_NVIC_EnableIRQ  stm32f1xx_hal_cortex.o
    0x0800382c   0x0800382c   0x0000007c   Code   RO         1482    i.HAL_NVIC_SetPriority  stm32f1xx_hal_cortex.o
    0x080038a8   0x080038a8   0x00000028   Code   RO         1483    i.HAL_NVIC_SetPriorityGrouping  stm32f1xx_hal_cortex.o
    0x080038d0   0x080038d0   0x00000044   Code   RO          776    i.HAL_PCDEx_PMAConfig  stm32f1xx_hal_pcd_ex.o
    0x08003914   0x08003914   0x00000002   Code   RO         5833    i.HAL_PCDEx_SetConnectionState  usbd_conf.o
    0x08003916   0x08003916   0x00000020   Code   RO         5835    i.HAL_PCD_DataInStageCallback  usbd_conf.o
    0x08003936   0x08003936   0x00000020   Code   RO         5836    i.HAL_PCD_DataOutStageCallback  usbd_conf.o
    0x08003956   0x08003956   0x0000006a   Code   RO          552    i.HAL_PCD_EP_Close  stm32f1xx_hal_pcd.o
    0x080039c0   0x080039c0   0x0000007c   Code   RO          553    i.HAL_PCD_EP_ClrStall  stm32f1xx_hal_pcd.o
    0x08003a3c   0x08003a3c   0x00000158   Code   RO          554    i.HAL_PCD_EP_DB_Receive  stm32f1xx_hal_pcd.o
    0x08003b94   0x08003b94   0x00000528   Code   RO          555    i.HAL_PCD_EP_DB_Transmit  stm32f1xx_hal_pcd.o
    0x080040bc   0x080040bc   0x0000008c   Code   RO          558    i.HAL_PCD_EP_Open   stm32f1xx_hal_pcd.o
    0x08004148   0x08004148   0x0000004c   Code   RO          559    i.HAL_PCD_EP_Receive  stm32f1xx_hal_pcd.o
    0x08004194   0x08004194   0x00000088   Code   RO          560    i.HAL_PCD_EP_SetStall  stm32f1xx_hal_pcd.o
    0x0800421c   0x0800421c   0x00000056   Code   RO          561    i.HAL_PCD_EP_Transmit  stm32f1xx_hal_pcd.o
    0x08004272   0x08004272   0x000001e2   Code   RO          563    i.HAL_PCD_IRQHandler  stm32f1xx_hal_pcd.o
    0x08004454   0x08004454   0x00000158   Code   RO          566    i.HAL_PCD_Init      stm32f1xx_hal_pcd.o
    0x080045ac   0x080045ac   0x00000044   Code   RO         5841    i.HAL_PCD_MspInit   usbd_conf.o
    0x080045f0   0x080045f0   0x00000024   Code   RO         5842    i.HAL_PCD_ResetCallback  usbd_conf.o
    0x08004614   0x08004614   0x0000000e   Code   RO         5843    i.HAL_PCD_ResumeCallback  usbd_conf.o
    0x08004622   0x08004622   0x0000000e   Code   RO         5844    i.HAL_PCD_SOFCallback  usbd_conf.o
    0x08004630   0x08004630   0x00000036   Code   RO          572    i.HAL_PCD_SetAddress  stm32f1xx_hal_pcd.o
    0x08004666   0x08004666   0x00000012   Code   RO         5845    i.HAL_PCD_SetupStageCallback  usbd_conf.o
    0x08004678   0x08004678   0x0000003c   Code   RO          574    i.HAL_PCD_Start     stm32f1xx_hal_pcd.o
    0x080046b4   0x080046b4   0x00000024   Code   RO         5846    i.HAL_PCD_SuspendCallback  usbd_conf.o
    0x080046d8   0x080046d8   0x0000000c   Code   RO         1603    i.HAL_PWR_EnableBkUpAccess  stm32f1xx_hal_pwr.o
    0x080046e4   0x080046e4   0x00000134   Code   RO         1278    i.HAL_RCCEx_GetPeriphCLKFreq  stm32f1xx_hal_rcc_ex.o
    0x08004818   0x08004818   0x00000130   Code   RO         1279    i.HAL_RCCEx_PeriphCLKConfig  stm32f1xx_hal_rcc_ex.o
    0x08004948   0x08004948   0x0000018c   Code   RO         1171    i.HAL_RCC_ClockConfig  stm32f1xx_hal_rcc.o
    0x08004ad4   0x08004ad4   0x0000000c   Code   RO         1176    i.HAL_RCC_GetHCLKFreq  stm32f1xx_hal_rcc.o
    0x08004ae0   0x08004ae0   0x00000020   Code   RO         1179    i.HAL_RCC_GetPCLK2Freq  stm32f1xx_hal_rcc.o
    0x08004b00   0x08004b00   0x00000094   Code   RO         1180    i.HAL_RCC_GetSysClockFreq  stm32f1xx_hal_rcc.o
    0x08004b94   0x08004b94   0x00000464   Code   RO         1183    i.HAL_RCC_OscConfig  stm32f1xx_hal_rcc.o
    0x08004ff8   0x08004ff8   0x00000002   Code   RO         2719    i.HAL_RTCEx_RTCEventCallback  stm32f1xx_hal_rtc_ex.o
    0x08004ffa   0x08004ffa   0x00000002   Code   RO         2720    i.HAL_RTCEx_RTCEventErrorCallback  stm32f1xx_hal_rtc_ex.o
    0x08004ffc   0x08004ffc   0x0000004e   Code   RO         2721    i.HAL_RTCEx_RTCIRQHandler  stm32f1xx_hal_rtc_ex.o
    0x0800504a   0x0800504a   0x00000052   Code   RO         2544    i.HAL_RTC_GetDate   stm32f1xx_hal_rtc.o
    0x0800509c   0x0800509c   0x00000104   Code   RO         2546    i.HAL_RTC_GetTime   stm32f1xx_hal_rtc.o
    0x080051a0   0x080051a0   0x000000d0   Code   RO         2547    i.HAL_RTC_Init      stm32f1xx_hal_rtc.o
    0x08005270   0x08005270   0x00000050   Code   RO          411    i.HAL_RTC_MspInit   stm32f1xx_hal_msp.o
    0x080052c0   0x080052c0   0x000000f8   Code   RO         2553    i.HAL_RTC_SetDate   stm32f1xx_hal_rtc.o
    0x080053b8   0x080053b8   0x000000dc   Code   RO         2554    i.HAL_RTC_SetTime   stm32f1xx_hal_rtc.o
    0x08005494   0x08005494   0x00000040   Code   RO         2555    i.HAL_RTC_WaitForSynchro  stm32f1xx_hal_rtc.o
    0x080054d4   0x080054d4   0x000000be   Code   RO         2827    i.HAL_SPI_Init      stm32f1xx_hal_spi.o
    0x08005592   0x08005592   0x00000002   PAD
    0x08005594   0x08005594   0x00000160   Code   RO          413    i.HAL_SPI_MspInit   stm32f1xx_hal_msp.o
    0x080056f4   0x080056f4   0x00000170   Code   RO         2830    i.HAL_SPI_Receive   stm32f1xx_hal_spi.o
    0x08005864   0x08005864   0x000001ae   Code   RO         2835    i.HAL_SPI_Transmit  stm32f1xx_hal_spi.o
    0x08005a12   0x08005a12   0x0000022a   Code   RO         2836    i.HAL_SPI_TransmitReceive  stm32f1xx_hal_spi.o
    0x08005c3c   0x08005c3c   0x00000066   Code   RO         2408    i.HAL_SRAM_Init     stm32f1xx_hal_sram.o
    0x08005ca2   0x08005ca2   0x0000000a   Code   RO          415    i.HAL_SRAM_MspInit  stm32f1xx_hal_msp.o
    0x08005cac   0x08005cac   0x00000034   Code   RO         1487    i.HAL_SYSTICK_Config  stm32f1xx_hal_cortex.o
    0x08005ce0   0x08005ce0   0x00000002   Code   RO         3855    i.HAL_TIMEx_BreakCallback  stm32f1xx_hal_tim_ex.o
    0x08005ce2   0x08005ce2   0x00000002   Code   RO         3856    i.HAL_TIMEx_CommutCallback  stm32f1xx_hal_tim_ex.o
    0x08005ce4   0x08005ce4   0x0000009c   Code   RO         3874    i.HAL_TIMEx_MasterConfigSynchronization  stm32f1xx_hal_tim_ex.o
    0x08005d80   0x08005d80   0x00000066   Code   RO         3140    i.HAL_TIM_Base_Init  stm32f1xx_hal_tim.o
    0x08005de6   0x08005de6   0x00000002   PAD
    0x08005de8   0x08005de8   0x00000068   Code   RO          417    i.HAL_TIM_Base_MspInit  stm32f1xx_hal_msp.o
    0x08005e50   0x08005e50   0x00000090   Code   RO         3145    i.HAL_TIM_Base_Start_IT  stm32f1xx_hal_tim.o
    0x08005ee0   0x08005ee0   0x00000108   Code   RO         3149    i.HAL_TIM_ConfigClockSource  stm32f1xx_hal_tim.o
    0x08005fe8   0x08005fe8   0x00000002   Code   RO         3174    i.HAL_TIM_IC_CaptureCallback  stm32f1xx_hal_tim.o
    0x08005fea   0x08005fea   0x00000196   Code   RO         3188    i.HAL_TIM_IRQHandler  stm32f1xx_hal_tim.o
    0x08006180   0x08006180   0x00000070   Code   RO          418    i.HAL_TIM_MspPostInit  stm32f1xx_hal_msp.o
    0x080061f0   0x080061f0   0x00000002   Code   RO         3191    i.HAL_TIM_OC_DelayElapsedCallback  stm32f1xx_hal_tim.o
    0x080061f2   0x080061f2   0x000000fc   Code   RO         3212    i.HAL_TIM_PWM_ConfigChannel  stm32f1xx_hal_tim.o
    0x080062ee   0x080062ee   0x00000066   Code   RO         3215    i.HAL_TIM_PWM_Init  stm32f1xx_hal_tim.o
    0x08006354   0x08006354   0x00000002   Code   RO         3217    i.HAL_TIM_PWM_MspInit  stm32f1xx_hal_tim.o
    0x08006356   0x08006356   0x00000002   Code   RO         3218    i.HAL_TIM_PWM_PulseFinishedCallback  stm32f1xx_hal_tim.o
    0x08006358   0x08006358   0x000000f4   Code   RO         3220    i.HAL_TIM_PWM_Start  stm32f1xx_hal_tim.o
    0x0800644c   0x0800644c   0x00000002   Code   RO         3226    i.HAL_TIM_PeriodElapsedCallback  stm32f1xx_hal_tim.o
    0x0800644e   0x0800644e   0x00000002   Code   RO         3231    i.HAL_TIM_TriggerCallback  stm32f1xx_hal_tim.o
    0x08006450   0x08006450   0x00000004   Code   RO          306    i.HardFault_Handler  stm32f1xx_it.o
    0x08006454   0x08006454   0x0000017c   Code   RO         4475    i.Hex_Format        menu.o
    0x080065d0   0x080065d0   0x00000170   Code   RO         4476    i.INPUT_CONFIRM     menu.o
    0x08006740   0x08006740   0x00000058   Code   RO         5320    i.Init_CH376        ch376.o
    0x08006798   0x08006798   0x0000003e   Code   RO         5704    i.IntToUnicode      usbd_desc.o
    0x080067d6   0x080067d6   0x00000002   PAD
    0x080067d8   0x080067d8   0x00000058   Code   RO         4969    i.JKT_CAL_PROCESS   meas.o
    0x08006830   0x08006830   0x00000a9c   Code   RO         4477    i.KEY_COLORBLOCK    menu.o
    0x080072cc   0x080072cc   0x000010a4   Code   RO         4478    i.KEY_HANDLE        menu.o
    0x08008370   0x08008370   0x00000030   Code   RO         4163    i.LcdClear          lcd.o
    0x080083a0   0x080083a0   0x00000050   Code   RO         4165    i.LcdFillRec        lcd.o
    0x080083f0   0x080083f0   0x000000d4   Code   RO         4171    i.LcdPrintEn12x24   lcd.o
    0x080084c4   0x080084c4   0x0000009c   Code   RO         4176    i.LcdPrintEn8x16    lcd.o
    0x08008560   0x08008560   0x00000038   Code   RO         4179    i.LcdPrintHorz      lcd.o
    0x08008598   0x08008598   0x000000d8   Code   RO         4180    i.LcdPrintHz16x16   lcd.o
    0x08008670   0x08008670   0x00000054   Code   RO         4183    i.LcdPrintRec       lcd.o
    0x080086c4   0x080086c4   0x00000050   Code   RO         4190    i.LcdPrintStr24     lcd.o
    0x08008714   0x08008714   0x00000038   Code   RO         4194    i.LcdPrintVert      lcd.o
    0x0800874c   0x0800874c   0x0000003c   Code   RO         4196    i.LcdSetArea        lcd.o
    0x08008788   0x08008788   0x00000064   Code   RO         4199    i.Lcd_Str16         lcd.o
    0x080087ec   0x080087ec   0x0000005c   Code   RO           18    i.MX_ADC1_Init      main.o
    0x08008848   0x08008848   0x0000008c   Code   RO           19    i.MX_FSMC_Init      main.o
    0x080088d4   0x080088d4   0x00000204   Code   RO           20    i.MX_GPIO_Init      main.o
    0x08008ad8   0x08008ad8   0x00000078   Code   RO           21    i.MX_RTC_Init       main.o
    0x08008b50   0x08008b50   0x00000048   Code   RO           22    i.MX_SPI1_Init      main.o
    0x08008b98   0x08008b98   0x00000048   Code   RO           23    i.MX_SPI2_Init      main.o
    0x08008be0   0x08008be0   0x00000048   Code   RO           24    i.MX_SPI3_Init      main.o
    0x08008c28   0x08008c28   0x00000074   Code   RO           25    i.MX_TIM2_Init      main.o
    0x08008c9c   0x08008c9c   0x000000a8   Code   RO           26    i.MX_TIM3_Init      main.o
    0x08008d44   0x08008d44   0x0000004c   Code   RO         5655    i.MX_USB_DEVICE_Init  usb_device.o
    0x08008d90   0x08008d90   0x00000004   Code   RO          307    i.MemManage_Handler  stm32f1xx_it.o
    0x08008d94   0x08008d94   0x0000001a   Code   RO         4621    i.MemRdHalfWord     flash.o
    0x08008dae   0x08008dae   0x00000004   Code   RO          308    i.NMI_Handler       stm32f1xx_it.o
    0x08008db2   0x08008db2   0x000003f2   Code   RO          578    i.PCD_EP_ISR_Handler  stm32f1xx_hal_pcd.o
    0x080091a4   0x080091a4   0x00000002   Code   RO          309    i.PendSV_Handler    stm32f1xx_it.o
    0x080091a6   0x080091a6   0x00000002   PAD
    0x080091a8   0x080091a8   0x0000001c   Code   RO         5321    i.Query376Interrupt  ch376.o
    0x080091c4   0x080091c4   0x00000028   Code   RO         1184    i.RCC_Delay         stm32f1xx_hal_rcc.o
    0x080091ec   0x080091ec   0x00000024   Code   RO         4201    i.RGB888TORGB565    lcd.o
    0x08009210   0x08009210   0x00000016   Code   RO         2556    i.RTC_Bcd2ToByte    stm32f1xx_hal_rtc.o
    0x08009226   0x08009226   0x0000001a   Code   RO         2557    i.RTC_ByteToBcd2    stm32f1xx_hal_rtc.o
    0x08009240   0x08009240   0x000000b6   Code   RO         2558    i.RTC_DateUpdate    stm32f1xx_hal_rtc.o
    0x080092f6   0x080092f6   0x0000003a   Code   RO         2559    i.RTC_EnterInitMode  stm32f1xx_hal_rtc.o
    0x08009330   0x08009330   0x0000003a   Code   RO         2560    i.RTC_ExitInitMode  stm32f1xx_hal_rtc.o
    0x0800936a   0x0800936a   0x00000002   PAD
    0x0800936c   0x0800936c   0x00000010   Code   RO          310    i.RTC_IRQHandler    stm32f1xx_it.o
    0x0800937c   0x0800937c   0x00000032   Code   RO         2561    i.RTC_IsLeapYear    stm32f1xx_hal_rtc.o
    0x080093ae   0x080093ae   0x00000018   Code   RO         2562    i.RTC_ReadAlarmCounter  stm32f1xx_hal_rtc.o
    0x080093c6   0x080093c6   0x00000034   Code   RO         2563    i.RTC_ReadTimeCounter  stm32f1xx_hal_rtc.o
    0x080093fa   0x080093fa   0x00000084   Code   RO         2564    i.RTC_WeekDayNum    stm32f1xx_hal_rtc.o
    0x0800947e   0x0800947e   0x0000002e   Code   RO         2565    i.RTC_WriteAlarmCounter  stm32f1xx_hal_rtc.o
    0x080094ac   0x080094ac   0x0000002e   Code   RO         2566    i.RTC_WriteTimeCounter  stm32f1xx_hal_rtc.o
    0x080094da   0x080094da   0x00000002   PAD
    0x080094dc   0x080094dc   0x00000018   Code   RO         4622    i.RdDevPara         flash.o
    0x080094f4   0x080094f4   0x00000020   Code   RO         4623    i.RdSysPara         flash.o
    0x08009514   0x08009514   0x00000024   Code   RO         4679    i.SPI3_ReadWriteByte  touch.o
    0x08009538   0x08009538   0x00000078   Code   RO         2864    i.SPI_EndRxTransaction  stm32f1xx_hal_spi.o
    0x080095b0   0x080095b0   0x00000028   Code   RO         2865    i.SPI_EndRxTxTransaction  stm32f1xx_hal_spi.o
    0x080095d8   0x080095d8   0x000000d8   Code   RO         2870    i.SPI_WaitFlagStateUntilTimeout  stm32f1xx_hal_spi.o
    0x080096b0   0x080096b0   0x00000024   Code   RO         5323    i.SPIx_ReadWriteByte  ch376.o
    0x080096d4   0x080096d4   0x00000002   Code   RO          311    i.SVC_Handler       stm32f1xx_it.o
    0x080096d6   0x080096d6   0x00000002   PAD
    0x080096d8   0x080096d8   0x0000006c   Code   RO         4624    i.SaveDevPara       flash.o
    0x08009744   0x08009744   0x0000006c   Code   RO         4625    i.SaveSysPara       flash.o
    0x080097b0   0x080097b0   0x00000114   Code   RO           27    i.ScanKey           main.o
    0x080098c4   0x080098c4   0x0000001c   Code   RO         4779    i.SpiRxByte         ad.o
    0x080098e0   0x080098e0   0x00000014   Code   RO         4780    i.SpiTxByte         ad.o
    0x080098f4   0x080098f4   0x00000008   Code   RO          312    i.SysTick_Handler   stm32f1xx_it.o
    0x080098fc   0x080098fc   0x0000008e   Code   RO           28    i.SystemClock_Config  main.o
    0x0800998a   0x0800998a   0x00000002   Code   RO         4123    i.SystemInit        system_stm32f1xx.o
    0x0800998c   0x0800998c   0x00000080   Code   RO          313    i.TIM2_IRQHandler   stm32f1xx_it.o
    0x08009a0c   0x08009a0c   0x0000009c   Code   RO         3233    i.TIM_Base_SetConfig  stm32f1xx_hal_tim.o
    0x08009aa8   0x08009aa8   0x00000022   Code   RO         3234    i.TIM_CCxChannelCmd  stm32f1xx_hal_tim.o
    0x08009aca   0x08009aca   0x00000016   Code   RO         3244    i.TIM_ETR_SetConfig  stm32f1xx_hal_tim.o
    0x08009ae0   0x08009ae0   0x00000012   Code   RO         3245    i.TIM_ITRx_SetConfig  stm32f1xx_hal_tim.o
    0x08009af2   0x08009af2   0x00000002   PAD
    0x08009af4   0x08009af4   0x00000070   Code   RO         3246    i.TIM_OC1_SetConfig  stm32f1xx_hal_tim.o
    0x08009b64   0x08009b64   0x0000007c   Code   RO         3247    i.TIM_OC2_SetConfig  stm32f1xx_hal_tim.o
    0x08009be0   0x08009be0   0x00000078   Code   RO         3248    i.TIM_OC3_SetConfig  stm32f1xx_hal_tim.o
    0x08009c58   0x08009c58   0x00000054   Code   RO         3249    i.TIM_OC4_SetConfig  stm32f1xx_hal_tim.o
    0x08009cac   0x08009cac   0x00000026   Code   RO         3251    i.TIM_TI1_ConfigInputStage  stm32f1xx_hal_tim.o
    0x08009cd2   0x08009cd2   0x00000028   Code   RO         3253    i.TIM_TI2_ConfigInputStage  stm32f1xx_hal_tim.o
    0x08009cfa   0x08009cfa   0x00000002   PAD
    0x08009cfc   0x08009cfc   0x000001c0   Code   RO         4680    i.TOUCH_Adjust      touch.o
    0x08009ebc   0x08009ebc   0x00000c20   Code   RO         4681    i.TOUCH_HANDLE      touch.o
    0x0800aadc   0x0800aadc   0x000000cc   Code   RO         4682    i.TOUCH_ReadData    touch.o
    0x0800aba8   0x0800aba8   0x000000fc   Code   RO         4683    i.TOUCH_ReadXY      touch.o
    0x0800aca4   0x0800aca4   0x0000004c   Code   RO         4684    i.TOUCH_SCAN        touch.o
    0x0800acf0   0x0800acf0   0x00000018   Code   RO         4970    i.TempC2K           meas.o
    0x0800ad08   0x0800ad08   0x0000000e   Code   RO         6338    i.USBD_CUSTOM_HID_DataIn  usbd_customhid.o
    0x0800ad16   0x0800ad16   0x00000026   Code   RO         6339    i.USBD_CUSTOM_HID_DataOut  usbd_customhid.o
    0x0800ad3c   0x0800ad3c   0x00000040   Code   RO         6340    i.USBD_CUSTOM_HID_DeInit  usbd_customhid.o
    0x0800ad7c   0x0800ad7c   0x00000022   Code   RO         6341    i.USBD_CUSTOM_HID_EP0_RxReady  usbd_customhid.o
    0x0800ad9e   0x0800ad9e   0x00000002   PAD
    0x0800ada0   0x0800ada0   0x00000010   Code   RO         6342    i.USBD_CUSTOM_HID_GetDeviceQualifierDesc  usbd_customhid.o
    0x0800adb0   0x0800adb0   0x00000010   Code   RO         6343    i.USBD_CUSTOM_HID_GetFSCfgDesc  usbd_customhid.o
    0x0800adc0   0x0800adc0   0x00000010   Code   RO         6344    i.USBD_CUSTOM_HID_GetHSCfgDesc  usbd_customhid.o
    0x0800add0   0x0800add0   0x00000010   Code   RO         6345    i.USBD_CUSTOM_HID_GetOtherSpeedCfgDesc  usbd_customhid.o
    0x0800ade0   0x0800ade0   0x00000062   Code   RO         6346    i.USBD_CUSTOM_HID_Init  usbd_customhid.o
    0x0800ae42   0x0800ae42   0x0000000e   Code   RO         6347    i.USBD_CUSTOM_HID_RegisterInterface  usbd_customhid.o
    0x0800ae50   0x0800ae50   0x00000174   Code   RO         6349    i.USBD_CUSTOM_HID_Setup  usbd_customhid.o
    0x0800afc4   0x0800afc4   0x00000016   Code   RO         6045    i.USBD_ClrClassConfig  usbd_core.o
    0x0800afda   0x0800afda   0x0000003e   Code   RO         6183    i.USBD_ClrFeature   usbd_ctlreq.o
    0x0800b018   0x0800b018   0x00000018   Code   RO         6278    i.USBD_CtlContinueRx  usbd_ioreq.o
    0x0800b030   0x0800b030   0x00000018   Code   RO         6279    i.USBD_CtlContinueSendData  usbd_ioreq.o
    0x0800b048   0x0800b048   0x00000018   Code   RO         6184    i.USBD_CtlError     usbd_ctlreq.o
    0x0800b060   0x0800b060   0x00000028   Code   RO         6280    i.USBD_CtlPrepareRx  usbd_ioreq.o
    0x0800b088   0x0800b088   0x0000001a   Code   RO         6281    i.USBD_CtlReceiveStatus  usbd_ioreq.o
    0x0800b0a2   0x0800b0a2   0x00000022   Code   RO         6282    i.USBD_CtlSendData  usbd_ioreq.o
    0x0800b0c4   0x0800b0c4   0x0000001a   Code   RO         6283    i.USBD_CtlSendStatus  usbd_ioreq.o
    0x0800b0de   0x0800b0de   0x00000002   PAD
    0x0800b0e0   0x0800b0e0   0x0000003c   Code   RO         5705    i.USBD_FS_ConfigStrDescriptor  usbd_desc.o
    0x0800b11c   0x0800b11c   0x00000010   Code   RO         5706    i.USBD_FS_DeviceDescriptor  usbd_desc.o
    0x0800b12c   0x0800b12c   0x00000040   Code   RO         5707    i.USBD_FS_InterfaceStrDescriptor  usbd_desc.o
    0x0800b16c   0x0800b16c   0x00000010   Code   RO         5708    i.USBD_FS_LangIDStrDescriptor  usbd_desc.o
    0x0800b17c   0x0800b17c   0x0000002c   Code   RO         5709    i.USBD_FS_ManufacturerStrDescriptor  usbd_desc.o
    0x0800b1a8   0x0800b1a8   0x00000048   Code   RO         5710    i.USBD_FS_ProductStrDescriptor  usbd_desc.o
    0x0800b1f0   0x0800b1f0   0x00000018   Code   RO         5711    i.USBD_FS_SerialStrDescriptor  usbd_desc.o
    0x0800b208   0x0800b208   0x00000056   Code   RO         6185    i.USBD_GetConfig    usbd_ctlreq.o
    0x0800b25e   0x0800b25e   0x000001f4   Code   RO         6186    i.USBD_GetDescriptor  usbd_ctlreq.o
    0x0800b452   0x0800b452   0x00000014   Code   RO         6187    i.USBD_GetLen       usbd_ctlreq.o
    0x0800b466   0x0800b466   0x0000005a   Code   RO         6188    i.USBD_GetStatus    usbd_ctlreq.o
    0x0800b4c0   0x0800b4c0   0x00000052   Code   RO         6189    i.USBD_GetString    usbd_ctlreq.o
    0x0800b512   0x0800b512   0x0000002c   Code   RO         5847    i.USBD_Get_USB_Status  usbd_conf.o
    0x0800b53e   0x0800b53e   0x00000032   Code   RO         6047    i.USBD_Init         usbd_core.o
    0x0800b570   0x0800b570   0x00000026   Code   RO         5848    i.USBD_LL_ClearStallEP  usbd_conf.o
    0x0800b596   0x0800b596   0x00000026   Code   RO         5849    i.USBD_LL_CloseEP   usbd_conf.o
    0x0800b5bc   0x0800b5bc   0x00000100   Code   RO         6048    i.USBD_LL_DataInStage  usbd_core.o
    0x0800b6bc   0x0800b6bc   0x000000a6   Code   RO         6049    i.USBD_LL_DataOutStage  usbd_core.o
    0x0800b762   0x0800b762   0x00000002   PAD
    0x0800b764   0x0800b764   0x00000074   Code   RO         5854    i.USBD_LL_Init      usbd_conf.o
    0x0800b7d8   0x0800b7d8   0x00000038   Code   RO         5855    i.USBD_LL_IsStallEP  usbd_conf.o
    0x0800b810   0x0800b810   0x00000030   Code   RO         5856    i.USBD_LL_OpenEP    usbd_conf.o
    0x0800b840   0x0800b840   0x00000030   Code   RO         5857    i.USBD_LL_PrepareReceive  usbd_conf.o
    0x0800b870   0x0800b870   0x0000005c   Code   RO         6054    i.USBD_LL_Reset     usbd_core.o
    0x0800b8cc   0x0800b8cc   0x00000016   Code   RO         6055    i.USBD_LL_Resume    usbd_core.o
    0x0800b8e2   0x0800b8e2   0x00000022   Code   RO         6056    i.USBD_LL_SOF       usbd_core.o
    0x0800b904   0x0800b904   0x00000008   Code   RO         6057    i.USBD_LL_SetSpeed  usbd_core.o
    0x0800b90c   0x0800b90c   0x00000026   Code   RO         5858    i.USBD_LL_SetUSBAddress  usbd_conf.o
    0x0800b932   0x0800b932   0x0000006e   Code   RO         6058    i.USBD_LL_SetupStage  usbd_core.o
    0x0800b9a0   0x0800b9a0   0x00000026   Code   RO         5859    i.USBD_LL_StallEP   usbd_conf.o
    0x0800b9c6   0x0800b9c6   0x0000001e   Code   RO         5860    i.USBD_LL_Start     usbd_conf.o
    0x0800b9e4   0x0800b9e4   0x00000014   Code   RO         6059    i.USBD_LL_Suspend   usbd_core.o
    0x0800b9f8   0x0800b9f8   0x00000030   Code   RO         5862    i.USBD_LL_Transmit  usbd_conf.o
    0x0800ba28   0x0800ba28   0x00000028   Code   RO         6190    i.USBD_ParseSetupRequest  usbd_ctlreq.o
    0x0800ba50   0x0800ba50   0x00000010   Code   RO         6060    i.USBD_RegisterClass  usbd_core.o
    0x0800ba60   0x0800ba60   0x00000006   Code   RO         6061    i.USBD_RunTestMode  usbd_core.o
    0x0800ba66   0x0800ba66   0x0000005a   Code   RO         6191    i.USBD_SetAddress   usbd_ctlreq.o
    0x0800bac0   0x0800bac0   0x00000022   Code   RO         6062    i.USBD_SetClassConfig  usbd_core.o
    0x0800bae2   0x0800bae2   0x00000002   PAD
    0x0800bae4   0x0800bae4   0x000000e8   Code   RO         6192    i.USBD_SetConfig    usbd_ctlreq.o
    0x0800bbcc   0x0800bbcc   0x00000018   Code   RO         6193    i.USBD_SetFeature   usbd_ctlreq.o
    0x0800bbe4   0x0800bbe4   0x0000000e   Code   RO         6063    i.USBD_Start        usbd_core.o
    0x0800bbf2   0x0800bbf2   0x000000a2   Code   RO         6194    i.USBD_StdDevReq    usbd_ctlreq.o
    0x0800bc94   0x0800bc94   0x00000238   Code   RO         6195    i.USBD_StdEPReq     usbd_ctlreq.o
    0x0800becc   0x0800becc   0x0000007e   Code   RO         6196    i.USBD_StdItfReq    usbd_ctlreq.o
    0x0800bf4a   0x0800bf4a   0x00000002   Code   RO         5863    i.USBD_static_free  usbd_conf.o
    0x0800bf4c   0x0800bf4c   0x0000000c   Code   RO         5864    i.USBD_static_malloc  usbd_conf.o
    0x0800bf58   0x0800bf58   0x0000044c   Code   RO          816    i.USB_ActivateEndpoint  stm32f1xx_ll_usb.o
    0x0800c3a4   0x0800c3a4   0x00000008   Code   RO          819    i.USB_CoreInit      stm32f1xx_ll_usb.o
    0x0800c3ac   0x0800c3ac   0x0000027c   Code   RO          821    i.USB_DeactivateEndpoint  stm32f1xx_ll_usb.o
    0x0800c628   0x0800c628   0x00000006   Code   RO          822    i.USB_DevConnect    stm32f1xx_ll_usb.o
    0x0800c62e   0x0800c62e   0x00000006   Code   RO          823    i.USB_DevDisconnect  stm32f1xx_ll_usb.o
    0x0800c634   0x0800c634   0x00000016   Code   RO          824    i.USB_DevInit       stm32f1xx_ll_usb.o
    0x0800c64a   0x0800c64a   0x00000014   Code   RO          825    i.USB_DisableGlobalInt  stm32f1xx_ll_usb.o
    0x0800c65e   0x0800c65e   0x00000006   Code   RO          826    i.USB_EP0_OutStart  stm32f1xx_ll_usb.o
    0x0800c664   0x0800c664   0x000000da   Code   RO          827    i.USB_EPClearStall  stm32f1xx_ll_usb.o
    0x0800c73e   0x0800c73e   0x0000005c   Code   RO          828    i.USB_EPSetStall    stm32f1xx_ll_usb.o
    0x0800c79a   0x0800c79a   0x00000b8a   Code   RO          829    i.USB_EPStartXfer   stm32f1xx_ll_usb.o
    0x0800d324   0x0800d324   0x00000012   Code   RO          830    i.USB_EnableGlobalInt  stm32f1xx_ll_usb.o
    0x0800d336   0x0800d336   0x00000002   PAD
    0x0800d338   0x0800d338   0x00000010   Code   RO          314    i.USB_LP_CAN1_RX0_IRQHandler  stm32f1xx_it.o
    0x0800d348   0x0800d348   0x00000008   Code   RO          837    i.USB_ReadInterrupts  stm32f1xx_ll_usb.o
    0x0800d350   0x0800d350   0x0000004a   Code   RO          838    i.USB_ReadPMA       stm32f1xx_ll_usb.o
    0x0800d39a   0x0800d39a   0x00000006   Code   RO          839    i.USB_SetCurrentMode  stm32f1xx_ll_usb.o
    0x0800d3a0   0x0800d3a0   0x0000000e   Code   RO          840    i.USB_SetDevAddress  stm32f1xx_ll_usb.o
    0x0800d3ae   0x0800d3ae   0x00000042   Code   RO          842    i.USB_WritePMA      stm32f1xx_ll_usb.o
    0x0800d3f0   0x0800d3f0   0x00000004   Code   RO          315    i.UsageFault_Handler  stm32f1xx_it.o
    0x0800d3f4   0x0800d3f4   0x00000024   Code   RO         5448    i.Wait376Interrupt  filesys.o
    0x0800d418   0x0800d418   0x00000028   Code   RO         6597    i.__0sprintf$6      mc_w.l(printf6.o)
    0x0800d440   0x0800d440   0x00000010   Code   RO         1489    i.__NVIC_GetPriorityGrouping  stm32f1xx_hal_cortex.o
    0x0800d450   0x0800d450   0x00000028   Code   RO         1490    i.__NVIC_SetPriority  stm32f1xx_hal_cortex.o
    0x0800d478   0x0800d478   0x00000008   Code   RO         6748    i.__aeabi_errno_addr  mc_w.l(errno.o)
    0x0800d480   0x0800d480   0x000000b0   Code   RO         5111    i.__pt_meas         temptable.o
    0x0800d530   0x0800d530   0x0000000c   Code   RO         6749    i.__read_errno      mc_w.l(errno.o)
    0x0800d53c   0x0800d53c   0x0000000e   Code   RO         6825    i.__scatterload_copy  mc_w.l(handlers.o)
    0x0800d54a   0x0800d54a   0x00000002   Code   RO         6826    i.__scatterload_null  mc_w.l(handlers.o)
    0x0800d54c   0x0800d54c   0x0000000e   Code   RO         6827    i.__scatterload_zeroinit  mc_w.l(handlers.o)
    0x0800d55a   0x0800d55a   0x00000002   PAD
    0x0800d55c   0x0800d55c   0x0000000c   Code   RO         6750    i.__set_errno       mc_w.l(errno.o)
    0x0800d568   0x0800d568   0x0000013c   Code   RO         5081    i.__tc_meas         tctable.o
    0x0800d6a4   0x0800d6a4   0x0000000e   Code   RO         6809    i._is_digit         mc_w.l(scanf_fp.o)
    0x0800d6b2   0x0800d6b2   0x00000002   PAD
    0x0800d6b4   0x0800d6b4   0x000002f0   Code   RO         6602    i._printf_core      mc_w.l(printf6.o)
    0x0800d9a4   0x0800d9a4   0x00000024   Code   RO         6603    i._printf_post_padding  mc_w.l(printf6.o)
    0x0800d9c8   0x0800d9c8   0x0000002e   Code   RO         6604    i._printf_pre_padding  mc_w.l(printf6.o)
    0x0800d9f6   0x0800d9f6   0x0000000a   Code   RO         6606    i._sputc            mc_w.l(printf6.o)
    0x0800da00   0x0800da00   0x00000024   Code   RO         4781    i.ac30_channel_off  ad.o
    0x0800da24   0x0800da24   0x00000128   Code   RO         4782    i.ac30_channel_on   ad.o
    0x0800db4c   0x0800db4c   0x00000134   Code   RO         4783    i.ad7124_config     ad.o
    0x0800dc80   0x0800dc80   0x0000008c   Code   RO         4784    i.ad7124_convert    ad.o
    0x0800dd0c   0x0800dd0c   0x00000070   Code   RO         4785    i.ad7124_init       ad.o
    0x0800dd7c   0x0800dd7c   0x000000a6   Code   RO         4786    i.ad7124_regr       ad.o
    0x0800de22   0x0800de22   0x00000088   Code   RO         4787    i.ad7124_regw       ad.o
    0x0800deaa   0x0800deaa   0x00000002   PAD
    0x0800deac   0x0800deac   0x00000078   Code   RO         4788    i.ad7124_reset      ad.o
    0x0800df24   0x0800df24   0x000004dc   Code   RO         4972    i.ad_pro            meas.o
    0x0800e400   0x0800e400   0x0000002a   Code   RO         6422    i.atof              m_ws.l(atof.o)
    0x0800e42a   0x0800e42a   0x00000002   PAD
    0x0800e42c   0x0800e42c   0x00000030   Code   RO           29    i.bat_get_adc       main.o
    0x0800e45c   0x0800e45c   0x00000042   Code   RO         4973    i.bubble_sort       meas.o
    0x0800e49e   0x0800e49e   0x00000002   PAD
    0x0800e4a0   0x0800e4a0   0x000000b0   Code   RO         4974    i.cal_process       meas.o
    0x0800e550   0x0800e550   0x00000140   Code   RO         4789    i.channel_read      ad.o
    0x0800e690   0x0800e690   0x00000040   Code   RO         5280    i.delay_init        delay.o
    0x0800e6d0   0x0800e6d0   0x0000003c   Code   RO         5281    i.delay_ms          delay.o
    0x0800e70c   0x0800e70c   0x0000003c   Code   RO         5282    i.delay_us          delay.o
    0x0800e748   0x0800e748   0x00000194   Code   RO         4976    i.div64             meas.o
    0x0800e8dc   0x0800e8dc   0x00000038   Code   RO         4977    i.dwin_print_50_mv  meas.o
    0x0800e914   0x0800e914   0x00000038   Code   RO         4978    i.dwin_print_n50_mv  meas.o
    0x0800e94c   0x0800e94c   0x00000038   Code   RO         4979    i.linear_calib      meas.o
    0x0800e984   0x0800e984   0x000001e0   Code   RO           30    i.main              main.o
    0x0800eb64   0x0800eb64   0x000001e0   Code   RO         4204    i.screen_init       lcd.o
    0x0800ed44   0x0800ed44   0x00000034   Code   RO         4981    i.simple_k          meas.o
    0x0800ed78   0x0800ed78   0x00000034   Code   RO         4982    i.simple_t          meas.o
    0x0800edac   0x0800edac   0x00000058   Code   RO         5170    i.tmp0              18b20.o
    0x0800ee04   0x0800ee04   0x0000004c   Code   RO           31    i.udisk_scan        main.o
    0x0800ee50   0x0800ee50   0x00000008   Code   RO         5326    i.xEndCH376Cmd      ch376.o
    0x0800ee58   0x0800ee58   0x00000014   Code   RO         5327    i.xReadCH376Data    ch376.o
    0x0800ee6c   0x0800ee6c   0x00000022   Code   RO         5328    i.xWriteCH376Cmd    ch376.o
    0x0800ee8e   0x0800ee8e   0x00000012   Code   RO         5329    i.xWriteCH376Data   ch376.o
    0x0800eea0   0x0800eea0   0x0000000c   Code   RO         4687    i.xpt2046_write8    touch.o
    0x0800eeac   0x0800eeac   0x00000018   Data   RO         4124    .constdata          system_stm32f1xx.o
    0x0800eec4   0x0800eec4   0x00000948   Data   RO         4480    .constdata          menu.o
    0x0800f80c   0x0800f80c   0x000060e7   Data   RO         4596    .constdata          zk.o
    0x080158f3   0x080158f3   0x00000001   PAD
    0x080158f4   0x080158f4   0x0000004e   Data   RO         4792    .constdata          ad.o
    0x08015942   0x08015942   0x00000002   PAD
    0x08015944   0x08015944   0x00000018   Data   RO         4984    .constdata          meas.o
    0x0801595c   0x0801595c   0x0000db90   Data   RO         5082    .constdata          tctable.o
    0x080234ec   0x080234ec   0x00000081   Data   RO         6780    .constdata          mc_w.l(ctype_o.o)
    0x0802356d   0x0802356d   0x00000003   PAD
    0x08023570   0x08023570   0x00000004   Data   RO         6781    .constdata          mc_w.l(ctype_o.o)
    0x08023574   0x08023574   0x00000020   Data   RO         6823    Region$$Table       anon$$obj.o


    Execution Region RW_IRAM1 (Exec base: 0x20000000, Load base: 0x08023594, Size: 0x000021c0, Max: 0x0000c000, ABSOLUTE, COMPRESSED[0x000000c8])

    Exec Addr    Load Addr    Size         Type   Attr      Idx    E Section Name        Object

    0x20000000   COMPRESSED   0x000000e5   Data   RW           33    .data               main.o
    0x200000e5   COMPRESSED   0x00000004   Data   RW          316    .data               stm32f1xx_it.o
    0x200000e9   COMPRESSED   0x00000003   PAD
    0x200000ec   COMPRESSED   0x00000008   Data   RW          419    .data               stm32f1xx_hal_msp.o
    0x200000f4   COMPRESSED   0x00000009   Data   RW         1021    .data               stm32f1xx_hal.o
    0x200000fd   COMPRESSED   0x00000003   PAD
    0x20000100   COMPRESSED   0x00000004   Data   RW         4125    .data               system_stm32f1xx.o
    0x20000104   COMPRESSED   0x0000001c   Data   RW         4481    .data               menu.o
    0x20000120   COMPRESSED   0x00000002   Data   RW         4627    .data               flash.o
    0x20000122   COMPRESSED   0x00000009   Data   RW         4689    .data               touch.o
    0x2000012b   COMPRESSED   0x00000001   PAD
    0x2000012c   COMPRESSED   0x00000018   Data   RW         4793    .data               ad.o
    0x20000144   COMPRESSED   0x0000002d   Data   RW         4985    .data               meas.o
    0x20000171   COMPRESSED   0x00000001   PAD
    0x20000172   COMPRESSED   0x00000004   Data   RW         5283    .data               delay.o
    0x20000176   COMPRESSED   0x00000002   PAD
    0x20000178   COMPRESSED   0x0000004e   Data   RW         5713    .data               usbd_desc.o
    0x200001c6   COMPRESSED   0x00000002   PAD
    0x200001c8   COMPRESSED   0x00000034   Data   RW         5796    .data               usbd_custom_hid_if.o
    0x200001fc   COMPRESSED   0x00000001   Data   RW         6197    .data               usbd_ctlreq.o
    0x200001fd   COMPRESSED   0x00000003   PAD
    0x20000200   COMPRESSED   0x000000d2   Data   RW         6350    .data               usbd_customhid.o
    0x200002d2   COMPRESSED   0x00000002   PAD
    0x200002d4   COMPRESSED   0x00000004   Data   RW         6751    .data               mc_w.l(errno.o)
    0x200002d8        -       0x00000272   Zero   RW           32    .bss                main.o
    0x2000054a   COMPRESSED   0x00000006   PAD
    0x20000550        -       0x00000020   Zero   RW         1735    .bss                stm32f1xx_hal_flash.o
    0x20000570        -       0x00000016   Zero   RW         4479    .bss                menu.o
    0x20000586   COMPRESSED   0x00000002   PAD
    0x20000588        -       0x00000010   Zero   RW         4626    .bss                flash.o
    0x20000598        -       0x000011dc   Zero   RW         4983    .bss                meas.o
    0x20001774        -       0x000002c4   Zero   RW         5656    .bss                usb_device.o
    0x20001a38        -       0x00000040   Zero   RW         5712    .bss                usbd_desc.o
    0x20001a78        -       0x00000344   Zero   RW         5865    .bss                usbd_conf.o
    0x20001dbc   COMPRESSED   0x00000004   PAD
    0x20001dc0        -       0x00000400   Zero   RW            1    STACK               startup_stm32f103xe.o


==============================================================================

Image component sizes


      Code (inc. data)   RO Data    RW Data    ZI Data      Debug   Object Name

       506         42          0          0          0       4181   18b20.o
      2042        200         78         24          0      16438   ad.o
       272         22          0          0          0       3977   ch376.o
       184         16          0          4          0       1483   delay.o
       114          6          0          0          0       2325   filesys.o
       326         42          0          2         16       3703   flash.o
      1664         58          0          0          0       9114   lcd.o
      2538        238          0        229        626     556760   main.o
      2274        220         24         45       4572      13195   meas.o
     13052        834       2376         28         22      18734   menu.o
        36          8        304          0       1024        764   startup_stm32f103xe.o
       152         32          0          9          0       5605   stm32f1xx_hal.o
      1642         64          0          0          0       6603   stm32f1xx_hal_adc.o
       304         22          0          0          0      29127   stm32f1xx_hal_cortex.o
       520         48          0          0         32       3878   stm32f1xx_hal_flash.o
       256         26          0          0          0       2391   stm32f1xx_hal_flash_ex.o
       860         40          0          0          0       3167   stm32f1xx_hal_gpio.o
       978        100          0          8          0       5412   stm32f1xx_hal_msp.o
      4282          0          0          0          0      13385   stm32f1xx_hal_pcd.o
        68          0          0          0          0       1094   stm32f1xx_hal_pcd_ex.o
        12          4          0          0          0        475   stm32f1xx_hal_pwr.o
      1752        100          0          0          0       5169   stm32f1xx_hal_rcc.o
       612         46          0          0          0       2301   stm32f1xx_hal_rcc_ex.o
      1778         18          0          0          0      12160   stm32f1xx_hal_rtc.o
        82          0          0          0          0       1977   stm32f1xx_hal_rtc_ex.o
      1918          6          0          0          0       7258   stm32f1xx_hal_spi.o
       102          0          0          0          0       1116   stm32f1xx_hal_sram.o
      2274        102          0          0          0      15152   stm32f1xx_hal_tim.o
       160         22          0          0          0       2237   stm32f1xx_hal_tim_ex.o
       194         40          0          4          0       9241   stm32f1xx_it.o
       254         10          0          0          0       3659   stm32f1xx_ll_fsmc.o
      5254          0          0          0          0      18791   stm32f1xx_ll_usb.o
         2          0         24          4          0        999   system_stm32f1xx.o
       316          6      56208          0          0       2399   tctable.o
       176          4          0          0          0       1534   temptable.o
      4364        230          0          9          0       7626   touch.o
        76         16          0          0        708       2102   usb_device.o
       808         30          0          0        836      13261   usbd_conf.o
       850          0          0          0          0       9311   usbd_core.o
      2106         28          0          1          0      10064   usbd_ctlreq.o
        14          0          0         52          0       1940   usbd_custom_hid_if.o
       698         40          0        210          0       9410   usbd_customhid.o
       410        146          0         78         64       6173   usbd_desc.o
       174          0          0          0          0       4248   usbd_ioreq.o
         0          0      24807          0          0       2074   zk.o

    ----------------------------------------------------------------------
     56500       2866      83856        724       7912     852013   Object Totals
         0          0         32          0          0          0   (incl. Generated)
        44          0          3         17         12          0   (incl. Padding)

    ----------------------------------------------------------------------

      Code (inc. data)   RO Data    RW Data    ZI Data      Debug   Library Member Name

        42          0          0          0          0         84   atof.o
        86          0          0          0          0          0   __dczerorl2.o
        28          0          0          0          0         68   _chval.o
        64          0          0          0          0         84   _sgetc.o
       158          0          0          0          0         92   _strtoul.o
        26          0          0          0          0         80   atoi.o
         8          4        133          0          0         68   ctype_o.o
         0          0          0          0          0          0   entry.o
         0          0          0          0          0          0   entry10a.o
         0          0          0          0          0          0   entry11a.o
         8          4          0          0          0          0   entry2.o
         4          0          0          0          0          0   entry5.o
         0          0          0          0          0          0   entry7b.o
         0          0          0          0          0          0   entry8b.o
         8          4          0          0          0          0   entry9a.o
        32         16          0          4          0        204   errno.o
        30          0          0          0          0          0   handlers.o
        36          8          0          0          0         68   init.o
        18          0          0          0          0         76   isspace_o.o
         0          0          0          0          0          0   iusefp.o
        30          0          0          0          0         68   llshl.o
        32          0          0          0          0         68   llushr.o
        36          0          0          0          0         68   memcpya.o
        36          0          0          0          0        108   memseta.o
       884         10          0          0          0        420   printf6.o
       878         12          0          0          0        216   scanf_fp.o
        24          0          0          0          0         68   strcat.o
       156         12          0          0          0        120   strtod.o
       112          0          0          0          0         88   strtol.o
        44          0          0          0          0         80   uidiv.o
        98          0          0          0          0         92   uldiv.o
        56          0          0          0          0         88   d2f.o
       222          0          0          0          0        100   ddiv.o
       186          0          0          0          0        176   depilogue.o
        62          0          0          0          0         80   dfixi.o
        24          0          0          0          0         76   dfltul.o
       228          0          0          0          0         96   dmul.o
       176          0          0          0          0        140   fadd.o
       124          0          0          0          0         88   fdiv.o
       110          0          0          0          0        168   fepilogue.o
        50          0          0          0          0         68   ffixi.o
        40          0          0          0          0         68   ffixui.o
        18          0          0          0          0         68   fflti.o
        10          0          0          0          0         68   ffltui.o
       100          0          0          0          0         76   fmul.o

    ----------------------------------------------------------------------
      4296         70        136          4          0       3580   Library Totals
        12          0          3          0          0          0   (incl. Padding)

    ----------------------------------------------------------------------

      Code (inc. data)   RO Data    RW Data    ZI Data      Debug   Library Name

        42          0          0          0          0         84   m_ws.l
      2836         70        133          4          0       2136   mc_w.l
      1406          0          0          0          0       1360   mf_w.l

    ----------------------------------------------------------------------
      4296         70        136          4          0       3580   Library Totals

    ----------------------------------------------------------------------

==============================================================================


      Code (inc. data)   RO Data    RW Data    ZI Data      Debug   

     60796       2936      83992        728       7912     835493   Grand Totals
     60796       2936      83992        200       7912     835493   ELF Image Totals (compressed)
     60796       2936      83992        200          0          0   ROM Totals

==============================================================================

    Total RO  Size (Code + RO Data)               144788 ( 141.39kB)
    Total RW  Size (RW Data + ZI Data)              8640 (   8.44kB)
    Total ROM Size (Code + RO Data + RW Data)     144988 ( 141.59kB)

==============================================================================

